Jun 15 09:37:28 ip-172-31-9-188 kernel: Command line: BOOT_IMAGE=(hd0,gpt1)/boot/vmlinuz-6.1.134-152.225.amzn2023.x86_64 root=UUID=43d4a949-6b4f-4cd4-b65b-312d6c2d0aef ro console=tty0 console=ttyS0,115200n8 nvme_core.io_timeout=4294967295 rd.emergency=poweroff rd.shell=0 selinux=1 security=selinux quiet
Jun 15 09:37:28 ip-172-31-9-188 kernel: KASLR enabled
Jun 15 09:37:28 ip-172-31-9-188 kernel: BIOS-provided physical RAM map:
Jun 15 09:37:28 ip-172-31-9-188 kernel: BIOS-e820: [mem 0x0000000000000000-0x000000000009ffff] usable
Jun 15 09:37:28 ip-172-31-9-188 kernel: BIOS-e820: [mem 0x0000000000100000-0x00000000390cdfff] usable
Jun 15 09:37:28 ip-172-31-9-188 kernel: BIOS-e820: [mem 0x00000000390ce000-0x000000003934dfff] reserved
Jun 15 09:37:28 ip-172-31-9-188 kernel: BIOS-e820: [mem 0x000000003934e000-0x000000003935dfff] ACPI data
Jun 15 09:37:28 ip-172-31-9-188 kernel: BIOS-e820: [mem 0x000000003935e000-0x00000000393ddfff] ACPI NVS
Jun 15 09:37:28 ip-172-31-9-188 kernel: BIOS-e820: [mem 0x00000000393de000-0x000000003d37bfff] usable
Jun 15 09:37:28 ip-172-31-9-188 kernel: BIOS-e820: [mem 0x000000003d37c000-0x000000003d3fffff] reserved
Jun 15 09:37:28 ip-172-31-9-188 kernel: NX (Execute Disable) protection: active
Jun 15 09:37:28 ip-172-31-9-188 kernel: extended physical RAM map:
Jun 15 09:37:28 ip-172-31-9-188 kernel: reserve setup_data: [mem 0x0000000000000000-0x000000000009ffff] usable
Jun 15 09:37:28 ip-172-31-9-188 kernel: reserve setup_data: [mem 0x0000000000100000-0x00000000372be017] usable
Jun 15 09:37:28 ip-172-31-9-188 kernel: reserve setup_data: [mem 0x00000000372be018-0x00000000372c6e57] usable
Jun 15 09:37:28 ip-172-31-9-188 kernel: reserve setup_data: [mem 0x00000000372c6e58-0x00000000390cdfff] usable
Jun 15 09:37:28 ip-172-31-9-188 kernel: reserve setup_data: [mem 0x00000000390ce000-0x000000003934dfff] reserved
Jun 15 09:37:28 ip-172-31-9-188 kernel: reserve setup_data: [mem 0x000000003934e000-0x000000003935dfff] ACPI data
Jun 15 09:37:28 ip-172-31-9-188 kernel: reserve setup_data: [mem 0x000000003935e000-0x00000000393ddfff] ACPI NVS
Jun 15 09:37:28 ip-172-31-9-188 kernel: reserve setup_data: [mem 0x00000000393de000-0x000000003d37bfff] usable
Jun 15 09:37:28 ip-172-31-9-188 kernel: reserve setup_data: [mem 0x000000003d37c000-0x000000003d3fffff] reserved
Jun 15 09:37:28 ip-172-31-9-188 kernel: efi: EFI v2.70 by EDK II
Jun 15 09:37:28 ip-172-31-9-188 kernel: efi: SMBIOS=0x3926a000 ACPI=0x3935d000 ACPI 2.0=0x3935d014 MEMATTR=0x37a3ca98 
Jun 15 09:37:28 ip-172-31-9-188 kernel: SMBIOS 2.7 present.
Jun 15 09:37:28 ip-172-31-9-188 kernel: DMI: Amazon EC2 t3.micro/, BIOS 1.0 10/16/2017
Jun 15 09:37:28 ip-172-31-9-188 kernel: Hypervisor detected: KVM
Jun 15 09:37:28 ip-172-31-9-188 kernel: kvm-clock: Using msrs 4b564d01 and 4b564d00
Jun 15 09:37:28 ip-172-31-9-188 kernel: kvm-clock: using sched offset of 1675108283 cycles
Jun 15 09:37:28 ip-172-31-9-188 kernel: clocksource: kvm-clock: mask: 0xffffffffffffffff max_cycles: 0x1cd42e4dffb, max_idle_ns: 881590591483 ns
Jun 15 09:37:28 ip-172-31-9-188 kernel: tsc: Detected 2499.998 MHz processor
Jun 15 09:37:28 ip-172-31-9-188 kernel: last_pfn = 0x3d37c max_arch_pfn = 0x400000000
Jun 15 09:37:28 ip-172-31-9-188 kernel: x86/PAT: Configuration [0-7]: WB  WC  UC- UC  WB  WP  UC- WT  
Jun 15 09:37:28 ip-172-31-9-188 kernel: Using GB pages for direct mapping
Jun 15 09:37:28 ip-172-31-9-188 kernel: Secure boot disabled
Jun 15 09:37:28 ip-172-31-9-188 kernel: RAMDISK: [mem 0x330f7000-0x3409bfff]
Jun 15 09:37:28 ip-172-31-9-188 kernel: ACPI: Early table checksum verification disabled
Jun 15 09:37:28 ip-172-31-9-188 kernel: ACPI: RSDP 0x000000003935D014 000024 (v02 AMAZON)
Jun 15 09:37:28 ip-172-31-9-188 kernel: ACPI: XSDT 0x000000003935C0E8 00006C (v01 AMAZON AMZNFACP 00000001      01000013)
Jun 15 09:37:28 ip-172-31-9-188 kernel: ACPI: FACP 0x0000000039355000 000114 (v01 AMAZON AMZNFACP 00000001 AMZN 00000001)
Jun 15 09:37:28 ip-172-31-9-188 kernel: ACPI: DSDT 0x0000000039356000 00115A (v01 AMAZON AMZNDSDT 00000001 AMZN 00000001)
Jun 15 09:37:28 ip-172-31-9-188 kernel: ACPI: FACS 0x00000000393D0000 000040
Jun 15 09:37:28 ip-172-31-9-188 kernel: ACPI: WAET 0x000000003935B000 000028 (v01 AMAZON AMZNWAET 00000001 AMZN 00000001)
Jun 15 09:37:28 ip-172-31-9-188 kernel: ACPI: SLIT 0x000000003935A000 00006C (v01 AMAZON AMZNSLIT 00000001 AMZN 00000001)
Jun 15 09:37:28 ip-172-31-9-188 kernel: ACPI: APIC 0x0000000039359000 000076 (v01 AMAZON AMZNAPIC 00000001 AMZN 00000001)
Jun 15 09:37:28 ip-172-31-9-188 kernel: ACPI: SRAT 0x0000000039358000 0000A0 (v01 AMAZON AMZNSRAT 00000001 AMZN 00000001)
Jun 15 09:37:28 ip-172-31-9-188 kernel: ACPI: HPET 0x0000000039354000 000038 (v01 AMAZON AMZNHPET 00000001 AMZN 00000001)
Jun 15 09:37:28 ip-172-31-9-188 kernel: ACPI: SSDT 0x0000000039353000 000759 (v01 AMAZON AMZNSSDT 00000001 AMZN 00000001)
Jun 15 09:37:28 ip-172-31-9-188 kernel: ACPI: SSDT 0x0000000039352000 00007F (v01 AMAZON AMZNSSDT 00000001 AMZN 00000001)
Jun 15 09:37:28 ip-172-31-9-188 kernel: ACPI: BGRT 0x0000000039351000 000038 (v01 AMAZON AMAZON   00000002      01000013)
Jun 15 09:37:28 ip-172-31-9-188 kernel: ACPI: Reserving FACP table memory at [mem 0x39355000-0x39355113]
Jun 15 09:37:28 ip-172-31-9-188 kernel: ACPI: Reserving DSDT table memory at [mem 0x39356000-0x39357159]
Jun 15 09:37:28 ip-172-31-9-188 kernel: ACPI: Reserving FACS table memory at [mem 0x393d0000-0x393d003f]
Jun 15 09:37:28 ip-172-31-9-188 kernel: ACPI: Reserving WAET table memory at [mem 0x3935b000-0x3935b027]
Jun 15 09:37:28 ip-172-31-9-188 kernel: ACPI: Reserving SLIT table memory at [mem 0x3935a000-0x3935a06b]
Jun 15 09:37:28 ip-172-31-9-188 kernel: ACPI: Reserving APIC table memory at [mem 0x39359000-0x39359075]
Jun 15 09:37:28 ip-172-31-9-188 kernel: ACPI: Reserving SRAT table memory at [mem 0x39358000-0x3935809f]
Jun 15 09:37:28 ip-172-31-9-188 kernel: ACPI: Reserving HPET table memory at [mem 0x39354000-0x39354037]
Jun 15 09:37:28 ip-172-31-9-188 kernel: ACPI: Reserving SSDT table memory at [mem 0x39353000-0x39353758]
Jun 15 09:37:28 ip-172-31-9-188 kernel: ACPI: Reserving SSDT table memory at [mem 0x39352000-0x3935207e]
Jun 15 09:37:28 ip-172-31-9-188 kernel: ACPI: Reserving BGRT table memory at [mem 0x39351000-0x39351037]
Jun 15 09:37:28 ip-172-31-9-188 kernel: SRAT: PXM 0 -> APIC 0x00 -> Node 0
Jun 15 09:37:28 ip-172-31-9-188 kernel: SRAT: PXM 0 -> APIC 0x01 -> Node 0
Jun 15 09:37:28 ip-172-31-9-188 kernel: ACPI: SRAT: Node 0 PXM 0 [mem 0x00000000-0x3fffffff]
Jun 15 09:37:28 ip-172-31-9-188 kernel: NODE_DATA(0) allocated [mem 0x3b2ca000-0x3b2f4fff]
Jun 15 09:37:28 ip-172-31-9-188 kernel: Zone ranges:
Jun 15 09:37:28 ip-172-31-9-188 kernel:  DMA      [mem 0x0000000000001000-0x0000000000ffffff]
Jun 15 09:37:28 ip-172-31-9-188 kernel:  DMA32    [mem 0x0000000001000000-0x000000003d37bfff]
Jun 15 09:37:28 ip-172-31-9-188 kernel:  Normal   empty
Jun 15 09:37:28 ip-172-31-9-188 kernel:  Device   empty
Jun 15 09:37:28 ip-172-31-9-188 kernel: Movable zone start for each node
Jun 15 09:37:28 ip-172-31-9-188 kernel: Early memory node ranges
Jun 15 09:37:28 ip-172-31-9-188 kernel:  node   0: [mem 0x0000000000001000-0x000000000009ffff]
Jun 15 09:37:28 ip-172-31-9-188 kernel:  node   0: [mem 0x0000000000100000-0x00000000390cdfff]
Jun 15 09:37:28 ip-172-31-9-188 kernel:  node   0: [mem 0x00000000393de000-0x000000003d37bfff]
Jun 15 09:37:28 ip-172-31-9-188 kernel: Initmem setup node 0 [mem 0x0000000000001000-0x000000003d37bfff]
Jun 15 09:37:28 ip-172-31-9-188 kernel: On node 0, zone DMA: 1 pages in unavailable ranges
Jun 15 09:37:28 ip-172-31-9-188 kernel: On node 0, zone DMA: 96 pages in unavailable ranges
Jun 15 09:37:28 ip-172-31-9-188 kernel: On node 0, zone DMA32: 784 pages in unavailable ranges
Jun 15 09:37:28 ip-172-31-9-188 kernel: On node 0, zone DMA32: 11396 pages in unavailable ranges
Jun 15 09:37:28 ip-172-31-9-188 kernel: ACPI: PM-Timer IO Port: 0xb008
Jun 15 09:37:28 ip-172-31-9-188 kernel: ACPI: LAPIC_NMI (acpi_id[0xff] dfl dfl lint[0x1])
Jun 15 09:37:28 ip-172-31-9-188 kernel: IOAPIC[0]: apic_id 0, version 32, address 0xfec00000, GSI 0-23
Jun 15 09:37:28 ip-172-31-9-188 kernel: ACPI: INT_SRC_OVR (bus 0 bus_irq 5 global_irq 5 high level)
Jun 15 09:37:28 ip-172-31-9-188 kernel: ACPI: INT_SRC_OVR (bus 0 bus_irq 9 global_irq 9 high level)
Jun 15 09:37:28 ip-172-31-9-188 kernel: ACPI: INT_SRC_OVR (bus 0 bus_irq 10 global_irq 10 high level)
Jun 15 09:37:28 ip-172-31-9-188 kernel: ACPI: INT_SRC_OVR (bus 0 bus_irq 11 global_irq 11 high level)
Jun 15 09:37:28 ip-172-31-9-188 kernel: ACPI: Using ACPI (MADT) for SMP configuration information
Jun 15 09:37:28 ip-172-31-9-188 kernel: ACPI: HPET id: 0x8086a201 base: 0xfed00000
Jun 15 09:37:28 ip-172-31-9-188 kernel: TSC deadline timer available
Jun 15 09:37:28 ip-172-31-9-188 kernel: smpboot: Allowing 2 CPUs, 0 hotplug CPUs
Jun 15 09:37:28 ip-172-31-9-188 kernel: PM: hibernation: Registered nosave memory: [mem 0x00000000-0x00000fff]
Jun 15 09:37:28 ip-172-31-9-188 kernel: PM: hibernation: Registered nosave memory: [mem 0x000a0000-0x000fffff]
Jun 15 09:37:28 ip-172-31-9-188 kernel: PM: hibernation: Registered nosave memory: [mem 0x372be000-0x372befff]
Jun 15 09:37:28 ip-172-31-9-188 kernel: PM: hibernation: Registered nosave memory: [mem 0x372c6000-0x372c6fff]
Jun 15 09:37:28 ip-172-31-9-188 kernel: PM: hibernation: Registered nosave memory: [mem 0x390ce000-0x3934dfff]
Jun 15 09:37:28 ip-172-31-9-188 kernel: PM: hibernation: Registered nosave memory: [mem 0x3934e000-0x3935dfff]
Jun 15 09:37:28 ip-172-31-9-188 kernel: PM: hibernation: Registered nosave memory: [mem 0x3935e000-0x393ddfff]
Jun 15 09:37:28 ip-172-31-9-188 kernel: [mem 0x3d400000-0xffffffff] available for PCI devices
Jun 15 09:37:28 ip-172-31-9-188 kernel: Booting paravirtualized kernel on KVM
Jun 15 09:37:28 ip-172-31-9-188 kernel: clocksource: refined-jiffies: mask: 0xffffffff max_cycles: 0xffffffff, max_idle_ns: 19112604462750000 ns
Jun 15 09:37:28 ip-172-31-9-188 kernel: setup_percpu: NR_CPUS:8192 nr_cpumask_bits:2 nr_cpu_ids:2 nr_node_ids:1
Jun 15 09:37:28 ip-172-31-9-188 kernel: percpu: Embedded 60 pages/cpu s208896 r8192 d28672 u1048576
Jun 15 09:37:28 ip-172-31-9-188 kernel: kvm-guest: PV spinlocks enabled
Jun 15 09:37:28 ip-172-31-9-188 kernel: PV qspinlock hash table entries: 256 (order: 0, 4096 bytes, linear)
Jun 15 09:37:28 ip-172-31-9-188 kernel: Fallback order for Node 0: 0 
Jun 15 09:37:28 ip-172-31-9-188 kernel: Built 1 zonelists, mobility grouping on.  Total pages: 245790
Jun 15 09:37:28 ip-172-31-9-188 kernel: Policy zone: DMA32
Jun 15 09:37:28 ip-172-31-9-188 kernel: Kernel command line: BOOT_IMAGE=(hd0,gpt1)/boot/vmlinuz-6.1.134-152.225.amzn2023.x86_64 root=UUID=43d4a949-6b4f-4cd4-b65b-312d6c2d0aef ro console=tty0 console=ttyS0,115200n8 nvme_core.io_timeout=4294967295 rd.emergency=poweroff rd.shell=0 selinux=1 security=selinux quiet
Jun 15 09:37:28 ip-172-31-9-188 kernel: Unknown kernel command line parameters "BOOT_IMAGE=(hd0,gpt1)/boot/vmlinuz-6.1.134-152.225.amzn2023.x86_64", will be passed to user space.
Jun 15 09:37:28 ip-172-31-9-188 kernel: random: crng init done
Jun 15 09:37:28 ip-172-31-9-188 kernel: Dentry cache hash table entries: 131072 (order: 8, 1048576 bytes, linear)
Jun 15 09:37:28 ip-172-31-9-188 kernel: Inode-cache hash table entries: 65536 (order: 7, 524288 bytes, linear)
Jun 15 09:37:28 ip-172-31-9-188 kernel: mem auto-init: stack:off, heap alloc:off, heap free:off
Jun 15 09:37:28 ip-172-31-9-188 kernel: Memory: 260860K/999468K available (14346K kernel code, 9303K rwdata, 8884K rodata, 2444K init, 18704K bss, 141544K reserved, 0K cma-reserved)
Jun 15 09:37:28 ip-172-31-9-188 kernel: SLUB: HWalign=64, Order=0-3, MinObjects=0, CPUs=2, Nodes=1
Jun 15 09:37:28 ip-172-31-9-188 kernel: Kernel/User page tables isolation: enabled
Jun 15 09:37:28 ip-172-31-9-188 kernel: ftrace: allocating 41694 entries in 163 pages
Jun 15 09:37:28 ip-172-31-9-188 kernel: ftrace: allocated 163 pages with 4 groups
Jun 15 09:37:28 ip-172-31-9-188 kernel: Dynamic Preempt: none
Jun 15 09:37:28 ip-172-31-9-188 kernel: rcu: Preemptible hierarchical RCU implementation.
Jun 15 09:37:28 ip-172-31-9-188 kernel: rcu: #011RCU restricting CPUs from NR_CPUS=8192 to nr_cpu_ids=2.
Jun 15 09:37:28 ip-172-31-9-188 kernel: #011Trampoline variant of Tasks RCU enabled.
Jun 15 09:37:28 ip-172-31-9-188 kernel: #011Rude variant of Tasks RCU enabled.
Jun 15 09:37:28 ip-172-31-9-188 kernel: #011Tracing variant of Tasks RCU enabled.
Jun 15 09:37:28 ip-172-31-9-188 kernel: rcu: RCU calculated value of scheduler-enlistment delay is 10 jiffies.
Jun 15 09:37:28 ip-172-31-9-188 kernel: rcu: Adjusting geometry for rcu_fanout_leaf=16, nr_cpu_ids=2
Jun 15 09:37:28 ip-172-31-9-188 kernel: NR_IRQS: 524544, nr_irqs: 440, preallocated irqs: 16
Jun 15 09:37:28 ip-172-31-9-188 kernel: rcu: srcu_init: Setting srcu_struct sizes based on contention.
Jun 15 09:37:28 ip-172-31-9-188 kernel: Console: colour dummy device 80x25
Jun 15 09:37:28 ip-172-31-9-188 kernel: printk: console [tty0] enabled
Jun 15 09:37:28 ip-172-31-9-188 kernel: printk: console [ttyS0] enabled
Jun 15 09:37:28 ip-172-31-9-188 kernel: ACPI: Core revision 20220331
Jun 15 09:37:28 ip-172-31-9-188 kernel: clocksource: hpet: mask: 0xffffffff max_cycles: 0xffffffff, max_idle_ns: 30580167144 ns
Jun 15 09:37:28 ip-172-31-9-188 kernel: APIC: Switch to symmetric I/O mode setup
Jun 15 09:37:28 ip-172-31-9-188 kernel: x2apic enabled
Jun 15 09:37:28 ip-172-31-9-188 kernel: Switched APIC routing to physical x2apic.
Jun 15 09:37:28 ip-172-31-9-188 kernel: clocksource: tsc-early: mask: 0xffffffffffffffff max_cycles: 0x240937b9988, max_idle_ns: 440795218083 ns
Jun 15 09:37:28 ip-172-31-9-188 kernel: Calibrating delay loop (skipped) preset value.. 4999.99 BogoMIPS (lpj=24999980)
Jun 15 09:37:28 ip-172-31-9-188 kernel: Last level iTLB entries: 4KB 64, 2MB 8, 4MB 8
Jun 15 09:37:28 ip-172-31-9-188 kernel: Last level dTLB entries: 4KB 64, 2MB 32, 4MB 32, 1GB 4
Jun 15 09:37:28 ip-172-31-9-188 kernel: Spectre V1 : Mitigation: usercopy/swapgs barriers and __user pointer sanitization
Jun 15 09:37:28 ip-172-31-9-188 kernel: Spectre V2 : Mitigation: Retpolines
Jun 15 09:37:28 ip-172-31-9-188 kernel: Spectre V2 : Spectre v2 / SpectreRSB mitigation: Filling RSB on context switch
Jun 15 09:37:28 ip-172-31-9-188 kernel: Spectre V2 : Spectre v2 / SpectreRSB : Filling RSB on VMEXIT
Jun 15 09:37:28 ip-172-31-9-188 kernel: RETBleed: WARNING: Spectre v2 mitigation leaves CPU vulnerable to RETBleed attacks, data leaks possible!
Jun 15 09:37:28 ip-172-31-9-188 kernel: RETBleed: Vulnerable
Jun 15 09:37:28 ip-172-31-9-188 kernel: Speculative Store Bypass: Vulnerable
Jun 15 09:37:28 ip-172-31-9-188 kernel: MDS: Vulnerable: Clear CPU buffers attempted, no microcode
Jun 15 09:37:28 ip-172-31-9-188 kernel: MMIO Stale Data: Vulnerable: Clear CPU buffers attempted, no microcode
Jun 15 09:37:28 ip-172-31-9-188 kernel: GDS: Unknown: Dependent on hypervisor status
Jun 15 09:37:28 ip-172-31-9-188 kernel: x86/fpu: Supporting XSAVE feature 0x001: 'x87 floating point registers'
Jun 15 09:37:28 ip-172-31-9-188 kernel: x86/fpu: Supporting XSAVE feature 0x002: 'SSE registers'
Jun 15 09:37:28 ip-172-31-9-188 kernel: x86/fpu: Supporting XSAVE feature 0x004: 'AVX registers'
Jun 15 09:37:28 ip-172-31-9-188 kernel: x86/fpu: Supporting XSAVE feature 0x008: 'MPX bounds registers'
Jun 15 09:37:28 ip-172-31-9-188 kernel: x86/fpu: Supporting XSAVE feature 0x010: 'MPX CSR'
Jun 15 09:37:28 ip-172-31-9-188 kernel: x86/fpu: Supporting XSAVE feature 0x020: 'AVX-512 opmask'
Jun 15 09:37:28 ip-172-31-9-188 kernel: x86/fpu: Supporting XSAVE feature 0x040: 'AVX-512 Hi256'
Jun 15 09:37:28 ip-172-31-9-188 kernel: x86/fpu: Supporting XSAVE feature 0x080: 'AVX-512 ZMM_Hi256'
Jun 15 09:37:28 ip-172-31-9-188 kernel: x86/fpu: Supporting XSAVE feature 0x200: 'Protection Keys User registers'
Jun 15 09:37:28 ip-172-31-9-188 kernel: x86/fpu: xstate_offset[2]:  576, xstate_sizes[2]:  256
Jun 15 09:37:28 ip-172-31-9-188 kernel: x86/fpu: xstate_offset[3]:  832, xstate_sizes[3]:   64
Jun 15 09:37:28 ip-172-31-9-188 kernel: x86/fpu: xstate_offset[4]:  896, xstate_sizes[4]:   64
Jun 15 09:37:28 ip-172-31-9-188 kernel: x86/fpu: xstate_offset[5]:  960, xstate_sizes[5]:   64
Jun 15 09:37:28 ip-172-31-9-188 kernel: x86/fpu: xstate_offset[6]: 1024, xstate_sizes[6]:  512
Jun 15 09:37:28 ip-172-31-9-188 kernel: x86/fpu: xstate_offset[7]: 1536, xstate_sizes[7]: 1024
Jun 15 09:37:28 ip-172-31-9-188 kernel: x86/fpu: xstate_offset[9]: 2560, xstate_sizes[9]:    8
Jun 15 09:37:28 ip-172-31-9-188 kernel: x86/fpu: Enabled xstate features 0x2ff, context size is 2568 bytes, using 'compacted' format.
Jun 15 09:37:28 ip-172-31-9-188 kernel: Freeing SMP alternatives memory: 32K
Jun 15 09:37:28 ip-172-31-9-188 kernel: pid_max: default: 32768 minimum: 301
Jun 15 09:37:28 ip-172-31-9-188 kernel: LSM: Security Framework initializing
Jun 15 09:37:28 ip-172-31-9-188 kernel: Yama: becoming mindful.
Jun 15 09:37:28 ip-172-31-9-188 kernel: SELinux:  Initializing.
Jun 15 09:37:28 ip-172-31-9-188 kernel: LSM support for eBPF active
Jun 15 09:37:28 ip-172-31-9-188 kernel: Mount-cache hash table entries: 2048 (order: 2, 16384 bytes, linear)
Jun 15 09:37:28 ip-172-31-9-188 kernel: Mountpoint-cache hash table entries: 2048 (order: 2, 16384 bytes, linear)
Jun 15 09:37:28 ip-172-31-9-188 kernel: smpboot: CPU0: Intel(R) Xeon(R) Platinum 8259CL CPU @ 2.50GHz (family: 0x6, model: 0x55, stepping: 0x7)
Jun 15 09:37:28 ip-172-31-9-188 kernel: cblist_init_generic: Setting adjustable number of callback queues.
Jun 15 09:37:28 ip-172-31-9-188 kernel: cblist_init_generic: Setting shift to 1 and lim to 1.
Jun 15 09:37:28 ip-172-31-9-188 kernel: cblist_init_generic: Setting adjustable number of callback queues.
Jun 15 09:37:28 ip-172-31-9-188 kernel: cblist_init_generic: Setting shift to 1 and lim to 1.
Jun 15 09:37:28 ip-172-31-9-188 kernel: cblist_init_generic: Setting adjustable number of callback queues.
Jun 15 09:37:28 ip-172-31-9-188 kernel: cblist_init_generic: Setting shift to 1 and lim to 1.
Jun 15 09:37:28 ip-172-31-9-188 kernel: Performance Events: unsupported p6 CPU model 85 no PMU driver, software events only.
Jun 15 09:37:28 ip-172-31-9-188 kernel: signal: max sigframe size: 3632
Jun 15 09:37:28 ip-172-31-9-188 kernel: rcu: Hierarchical SRCU implementation.
Jun 15 09:37:28 ip-172-31-9-188 kernel: rcu: #011Max phase no-delay instances is 1000.
Jun 15 09:37:28 ip-172-31-9-188 kernel: smp: Bringing up secondary CPUs ...
Jun 15 09:37:28 ip-172-31-9-188 kernel: x86: Booting SMP configuration:
Jun 15 09:37:28 ip-172-31-9-188 kernel: .... node  #0, CPUs:      #1
Jun 15 09:37:28 ip-172-31-9-188 kernel: MDS CPU bug present and SMT on, data leak possible. See https://www.kernel.org/doc/html/latest/admin-guide/hw-vuln/mds.html for more details.
Jun 15 09:37:28 ip-172-31-9-188 kernel: MMIO Stale Data CPU bug present and SMT on, data leak possible. See https://www.kernel.org/doc/html/latest/admin-guide/hw-vuln/processor_mmio_stale_data.html for more details.
Jun 15 09:37:28 ip-172-31-9-188 kernel: smp: Brought up 1 node, 2 CPUs
Jun 15 09:37:28 ip-172-31-9-188 kernel: smpboot: Max logical packages: 1
Jun 15 09:37:28 ip-172-31-9-188 kernel: smpboot: Total of 2 processors activated (9999.99 BogoMIPS)
Jun 15 09:37:28 ip-172-31-9-188 kernel: node 0 deferred pages initialised in 0ms
Jun 15 09:37:28 ip-172-31-9-188 kernel: devtmpfs: initialized
Jun 15 09:37:28 ip-172-31-9-188 kernel: x86/mm: Memory block size: 128MB
Jun 15 09:37:28 ip-172-31-9-188 kernel: ACPI: PM: Registering ACPI NVS region [mem 0x3935e000-0x393ddfff] (524288 bytes)
Jun 15 09:37:28 ip-172-31-9-188 kernel: clocksource: jiffies: mask: 0xffffffff max_cycles: 0xffffffff, max_idle_ns: 19112604462750000 ns
Jun 15 09:37:28 ip-172-31-9-188 kernel: futex hash table entries: 512 (order: 3, 32768 bytes, linear)
Jun 15 09:37:28 ip-172-31-9-188 kernel: NET: Registered PF_NETLINK/PF_ROUTE protocol family
Jun 15 09:37:28 ip-172-31-9-188 kernel: DMA: preallocated 128 KiB GFP_KERNEL pool for atomic allocations
Jun 15 09:37:28 ip-172-31-9-188 kernel: DMA: preallocated 128 KiB GFP_KERNEL|GFP_DMA pool for atomic allocations
Jun 15 09:37:28 ip-172-31-9-188 kernel: DMA: preallocated 128 KiB GFP_KERNEL|GFP_DMA32 pool for atomic allocations
Jun 15 09:37:28 ip-172-31-9-188 kernel: audit: initializing netlink subsys (disabled)
Jun 15 09:37:28 ip-172-31-9-188 kernel: audit: type=2000 audit(1749980248.937:1): state=initialized audit_enabled=0 res=1
Jun 15 09:37:28 ip-172-31-9-188 kernel: thermal_sys: Registered thermal governor 'fair_share'
Jun 15 09:37:28 ip-172-31-9-188 kernel: thermal_sys: Registered thermal governor 'step_wise'
Jun 15 09:37:28 ip-172-31-9-188 kernel: thermal_sys: Registered thermal governor 'user_space'
Jun 15 09:37:28 ip-172-31-9-188 kernel: cpuidle: using governor ladder
Jun 15 09:37:28 ip-172-31-9-188 kernel: cpuidle: using governor menu
Jun 15 09:37:28 ip-172-31-9-188 kernel: acpiphp: ACPI Hot Plug PCI Controller Driver version: 0.5
Jun 15 09:37:28 ip-172-31-9-188 kernel: PCI: Using configuration type 1 for base access
Jun 15 09:37:28 ip-172-31-9-188 kernel: kprobes: kprobe jump-optimization is enabled. All kprobes are optimized if possible.
Jun 15 09:37:28 ip-172-31-9-188 kernel: HugeTLB: registered 1.00 GiB page size, pre-allocated 0 pages
Jun 15 09:37:28 ip-172-31-9-188 kernel: HugeTLB: 16380 KiB vmemmap can be freed for a 1.00 GiB page
Jun 15 09:37:28 ip-172-31-9-188 kernel: HugeTLB: registered 2.00 MiB page size, pre-allocated 0 pages
Jun 15 09:37:28 ip-172-31-9-188 kernel: HugeTLB: 28 KiB vmemmap can be freed for a 2.00 MiB page
Jun 15 09:37:28 ip-172-31-9-188 kernel: cryptd: max_cpu_qlen set to 1000
Jun 15 09:37:28 ip-172-31-9-188 kernel: ACPI: Added _OSI(Module Device)
Jun 15 09:37:28 ip-172-31-9-188 kernel: ACPI: Added _OSI(Processor Device)
Jun 15 09:37:28 ip-172-31-9-188 kernel: ACPI: Added _OSI(3.0 _SCP Extensions)
Jun 15 09:37:28 ip-172-31-9-188 kernel: ACPI: Added _OSI(Processor Aggregator Device)
Jun 15 09:37:28 ip-172-31-9-188 kernel: ACPI: 3 ACPI AML tables successfully acquired and loaded
Jun 15 09:37:28 ip-172-31-9-188 kernel: ACPI: Interpreter enabled
Jun 15 09:37:28 ip-172-31-9-188 kernel: ACPI: PM: (supports S0 S4 S5)
Jun 15 09:37:28 ip-172-31-9-188 kernel: ACPI: Using IOAPIC for interrupt routing
Jun 15 09:37:28 ip-172-31-9-188 kernel: PCI: Using host bridge windows from ACPI; if necessary, use "pci=nocrs" and report a bug
Jun 15 09:37:28 ip-172-31-9-188 kernel: PCI: Using E820 reservations for host bridge windows
Jun 15 09:37:28 ip-172-31-9-188 kernel: ACPI: Enabled 2 GPEs in block 00 to 0F
Jun 15 09:37:28 ip-172-31-9-188 kernel: ACPI: PCI Root Bridge [PCI0] (domain 0000 [bus 00-ff])
Jun 15 09:37:28 ip-172-31-9-188 kernel: acpi PNP0A03:00: _OSC: OS supports [ASPM ClockPM Segments MSI HPX-Type3]
Jun 15 09:37:28 ip-172-31-9-188 kernel: acpi PNP0A03:00: _OSC: not requesting OS control; OS requires [ExtendedConfig ASPM ClockPM MSI]
Jun 15 09:37:28 ip-172-31-9-188 kernel: acpi PNP0A03:00: fail to add MMCONFIG information, can't access extended PCI configuration space under this bridge.
Jun 15 09:37:28 ip-172-31-9-188 kernel: acpiphp: Slot [3] registered
Jun 15 09:37:28 ip-172-31-9-188 kernel: acpiphp: Slot [4] registered
Jun 15 09:37:28 ip-172-31-9-188 kernel: acpiphp: Slot [5] registered
Jun 15 09:37:28 ip-172-31-9-188 kernel: acpiphp: Slot [6] registered
Jun 15 09:37:28 ip-172-31-9-188 kernel: acpiphp: Slot [7] registered
Jun 15 09:37:28 ip-172-31-9-188 kernel: acpiphp: Slot [8] registered
Jun 15 09:37:28 ip-172-31-9-188 kernel: acpiphp: Slot [9] registered
Jun 15 09:37:28 ip-172-31-9-188 kernel: acpiphp: Slot [10] registered
Jun 15 09:37:28 ip-172-31-9-188 kernel: acpiphp: Slot [11] registered
Jun 15 09:37:28 ip-172-31-9-188 kernel: acpiphp: Slot [12] registered
Jun 15 09:37:28 ip-172-31-9-188 kernel: acpiphp: Slot [13] registered
Jun 15 09:37:28 ip-172-31-9-188 kernel: acpiphp: Slot [14] registered
Jun 15 09:37:28 ip-172-31-9-188 kernel: acpiphp: Slot [15] registered
Jun 15 09:37:28 ip-172-31-9-188 kernel: acpiphp: Slot [16] registered
Jun 15 09:37:28 ip-172-31-9-188 kernel: acpiphp: Slot [17] registered
Jun 15 09:37:28 ip-172-31-9-188 kernel: acpiphp: Slot [18] registered
Jun 15 09:37:28 ip-172-31-9-188 kernel: acpiphp: Slot [19] registered
Jun 15 09:37:28 ip-172-31-9-188 kernel: acpiphp: Slot [20] registered
Jun 15 09:37:28 ip-172-31-9-188 kernel: acpiphp: Slot [21] registered
Jun 15 09:37:28 ip-172-31-9-188 kernel: acpiphp: Slot [22] registered
Jun 15 09:37:28 ip-172-31-9-188 kernel: acpiphp: Slot [23] registered
Jun 15 09:37:28 ip-172-31-9-188 kernel: acpiphp: Slot [24] registered
Jun 15 09:37:28 ip-172-31-9-188 kernel: acpiphp: Slot [25] registered
Jun 15 09:37:28 ip-172-31-9-188 kernel: acpiphp: Slot [26] registered
Jun 15 09:37:28 ip-172-31-9-188 kernel: acpiphp: Slot [27] registered
Jun 15 09:37:28 ip-172-31-9-188 kernel: acpiphp: Slot [28] registered
Jun 15 09:37:28 ip-172-31-9-188 kernel: acpiphp: Slot [29] registered
Jun 15 09:37:28 ip-172-31-9-188 kernel: acpiphp: Slot [30] registered
Jun 15 09:37:28 ip-172-31-9-188 kernel: acpiphp: Slot [31] registered
Jun 15 09:37:28 ip-172-31-9-188 kernel: PCI host bridge to bus 0000:00
Jun 15 09:37:28 ip-172-31-9-188 kernel: pci_bus 0000:00: root bus resource [io  0x0000-0x0cf7 window]
Jun 15 09:37:28 ip-172-31-9-188 kernel: pci_bus 0000:00: root bus resource [io  0x0d00-0xffff window]
Jun 15 09:37:28 ip-172-31-9-188 kernel: pci_bus 0000:00: root bus resource [mem 0x000a0000-0x000bffff window]
Jun 15 09:37:28 ip-172-31-9-188 kernel: pci_bus 0000:00: root bus resource [mem 0x80000000-0xfebfffff window]
Jun 15 09:37:28 ip-172-31-9-188 kernel: pci_bus 0000:00: root bus resource [mem 0x100000000-0x2000ffffffff window]
Jun 15 09:37:28 ip-172-31-9-188 kernel: pci_bus 0000:00: root bus resource [bus 00-ff]
Jun 15 09:37:28 ip-172-31-9-188 kernel: pci 0000:00:00.0: [8086:1237] type 00 class 0x060000
Jun 15 09:37:28 ip-172-31-9-188 kernel: pci 0000:00:01.0: [8086:7000] type 00 class 0x060100
Jun 15 09:37:28 ip-172-31-9-188 kernel: pci 0000:00:01.3: [8086:7113] type 00 class 0x000000
Jun 15 09:37:28 ip-172-31-9-188 kernel: pci 0000:00:01.3: quirk: [io  0xb000-0xb03f] claimed by PIIX4 ACPI
Jun 15 09:37:28 ip-172-31-9-188 kernel: pci 0000:00:01.3: PIIX4 devres E PIO at fff0-ffff
Jun 15 09:37:28 ip-172-31-9-188 kernel: pci 0000:00:01.3: PIIX4 devres F MMIO at ffc00000-ffffffff
Jun 15 09:37:28 ip-172-31-9-188 kernel: pci 0000:00:01.3: PIIX4 devres G PIO at fff0-ffff
Jun 15 09:37:28 ip-172-31-9-188 kernel: pci 0000:00:01.3: PIIX4 devres H MMIO at ffc00000-ffffffff
Jun 15 09:37:28 ip-172-31-9-188 kernel: pci 0000:00:01.3: PIIX4 devres I PIO at fff0-ffff
Jun 15 09:37:28 ip-172-31-9-188 kernel: pci 0000:00:01.3: PIIX4 devres J PIO at fff0-ffff
Jun 15 09:37:28 ip-172-31-9-188 kernel: pci 0000:00:03.0: [1d0f:1111] type 00 class 0x030000
Jun 15 09:37:28 ip-172-31-9-188 kernel: pci 0000:00:03.0: reg 0x10: [mem 0x80000000-0x803fffff pref]
Jun 15 09:37:28 ip-172-31-9-188 kernel: pci 0000:00:03.0: reg 0x30: [mem 0xffff0000-0xffffffff pref]
Jun 15 09:37:28 ip-172-31-9-188 kernel: pci 0000:00:03.0: Video device with shadowed ROM at [mem 0x000c0000-0x000dffff]
Jun 15 09:37:28 ip-172-31-9-188 kernel: pci 0000:00:04.0: [1d0f:8061] type 00 class 0x010802
Jun 15 09:37:28 ip-172-31-9-188 kernel: pci 0000:00:04.0: reg 0x10: [mem 0x80404000-0x80407fff]
Jun 15 09:37:28 ip-172-31-9-188 kernel: pci 0000:00:05.0: [1d0f:ec20] type 00 class 0x020000
Jun 15 09:37:28 ip-172-31-9-188 kernel: pci 0000:00:05.0: reg 0x10: [mem 0x80400000-0x80403fff]
Jun 15 09:37:28 ip-172-31-9-188 kernel: ACPI: PCI: Interrupt link LNKA configured for IRQ 10
Jun 15 09:37:28 ip-172-31-9-188 kernel: ACPI: PCI: Interrupt link LNKB configured for IRQ 10
Jun 15 09:37:28 ip-172-31-9-188 kernel: ACPI: PCI: Interrupt link LNKC configured for IRQ 11
Jun 15 09:37:28 ip-172-31-9-188 kernel: ACPI: PCI: Interrupt link LNKD configured for IRQ 11
Jun 15 09:37:28 ip-172-31-9-188 kernel: ACPI: PCI: Interrupt link LNKS configured for IRQ 9
Jun 15 09:37:28 ip-172-31-9-188 kernel: iommu: Default domain type: Translated 
Jun 15 09:37:28 ip-172-31-9-188 kernel: iommu: DMA domain TLB invalidation policy: lazy mode 
Jun 15 09:37:28 ip-172-31-9-188 kernel: pps_core: LinuxPPS API ver. 1 registered
Jun 15 09:37:28 ip-172-31-9-188 kernel: pps_core: Software ver. 5.3.6 - Copyright 2005-2007 Rodolfo Giometti <giometti@linux.it>
Jun 15 09:37:28 ip-172-31-9-188 kernel: PTP clock support registered
Jun 15 09:37:28 ip-172-31-9-188 kernel: EDAC MC: Ver: 3.0.0
Jun 15 09:37:28 ip-172-31-9-188 kernel: Registered efivars operations
Jun 15 09:37:28 ip-172-31-9-188 kernel: NetLabel: Initializing
Jun 15 09:37:28 ip-172-31-9-188 kernel: NetLabel:  domain hash size = 128
Jun 15 09:37:28 ip-172-31-9-188 kernel: NetLabel:  protocols = UNLABELED CIPSOv4 CALIPSO
Jun 15 09:37:28 ip-172-31-9-188 kernel: NetLabel:  unlabeled traffic allowed by default
Jun 15 09:37:28 ip-172-31-9-188 kernel: PCI: Using ACPI for IRQ routing
Jun 15 09:37:28 ip-172-31-9-188 kernel: hpet0: at MMIO 0xfed00000, IRQs 2, 8, 0, 0, 0, 0, 0, 0
Jun 15 09:37:28 ip-172-31-9-188 kernel: hpet0: 8 comparators, 32-bit 62.500000 MHz counter
Jun 15 09:37:28 ip-172-31-9-188 kernel: clocksource: Switched to clocksource kvm-clock
Jun 15 09:37:28 ip-172-31-9-188 kernel: VFS: Disk quotas dquot_6.6.0
Jun 15 09:37:28 ip-172-31-9-188 kernel: VFS: Dquot-cache hash table entries: 512 (order 0, 4096 bytes)
Jun 15 09:37:28 ip-172-31-9-188 kernel: pnp: PnP ACPI init
Jun 15 09:37:28 ip-172-31-9-188 kernel: pnp: PnP ACPI: found 5 devices
Jun 15 09:37:28 ip-172-31-9-188 kernel: clocksource: acpi_pm: mask: 0xffffff max_cycles: 0xffffff, max_idle_ns: 2085701024 ns
Jun 15 09:37:28 ip-172-31-9-188 kernel: NET: Registered PF_INET protocol family
Jun 15 09:37:28 ip-172-31-9-188 kernel: IP idents hash table entries: 16384 (order: 5, 131072 bytes, linear)
Jun 15 09:37:28 ip-172-31-9-188 kernel: tcp_listen_portaddr_hash hash table entries: 512 (order: 1, 8192 bytes, linear)
Jun 15 09:37:28 ip-172-31-9-188 kernel: Table-perturb hash table entries: 65536 (order: 6, 262144 bytes, linear)
Jun 15 09:37:28 ip-172-31-9-188 kernel: TCP established hash table entries: 8192 (order: 4, 65536 bytes, linear)
Jun 15 09:37:28 ip-172-31-9-188 kernel: TCP bind hash table entries: 8192 (order: 6, 262144 bytes, linear)
Jun 15 09:37:28 ip-172-31-9-188 kernel: TCP: Hash tables configured (established 8192 bind 8192)
Jun 15 09:37:28 ip-172-31-9-188 kernel: MPTCP token hash table entries: 1024 (order: 2, 24576 bytes, linear)
Jun 15 09:37:28 ip-172-31-9-188 kernel: UDP hash table entries: 512 (order: 2, 16384 bytes, linear)
Jun 15 09:37:28 ip-172-31-9-188 kernel: UDP-Lite hash table entries: 512 (order: 2, 16384 bytes, linear)
Jun 15 09:37:28 ip-172-31-9-188 kernel: NET: Registered PF_UNIX/PF_LOCAL protocol family
Jun 15 09:37:28 ip-172-31-9-188 kernel: NET: Registered PF_XDP protocol family
Jun 15 09:37:28 ip-172-31-9-188 kernel: pci_bus 0000:00: resource 4 [io  0x0000-0x0cf7 window]
Jun 15 09:37:28 ip-172-31-9-188 kernel: pci_bus 0000:00: resource 5 [io  0x0d00-0xffff window]
Jun 15 09:37:28 ip-172-31-9-188 kernel: pci_bus 0000:00: resource 6 [mem 0x000a0000-0x000bffff window]
Jun 15 09:37:28 ip-172-31-9-188 kernel: pci_bus 0000:00: resource 7 [mem 0x80000000-0xfebfffff window]
Jun 15 09:37:28 ip-172-31-9-188 kernel: pci_bus 0000:00: resource 8 [mem 0x100000000-0x2000ffffffff window]
Jun 15 09:37:28 ip-172-31-9-188 kernel: pci 0000:00:00.0: Limiting direct PCI/PCI transfers
Jun 15 09:37:28 ip-172-31-9-188 kernel: PCI: CLS 0 bytes, default 64
Jun 15 09:37:28 ip-172-31-9-188 kernel: Trying to unpack rootfs image as initramfs...
Jun 15 09:37:28 ip-172-31-9-188 kernel: clocksource: tsc: mask: 0xffffffffffffffff max_cycles: 0x240937b9988, max_idle_ns: 440795218083 ns
Jun 15 09:37:28 ip-172-31-9-188 kernel: clocksource: Switched to clocksource tsc
Jun 15 09:37:28 ip-172-31-9-188 kernel: Initialise system trusted keyrings
Jun 15 09:37:28 ip-172-31-9-188 kernel: Key type blacklist registered
Jun 15 09:37:28 ip-172-31-9-188 kernel: workingset: timestamp_bits=36 max_order=18 bucket_order=0
Jun 15 09:37:28 ip-172-31-9-188 kernel: zbud: loaded
Jun 15 09:37:28 ip-172-31-9-188 kernel: SGI XFS with ACLs, security attributes, quota, no debug enabled
Jun 15 09:37:28 ip-172-31-9-188 kernel: integrity: Platform Keyring initialized
Jun 15 09:37:28 ip-172-31-9-188 kernel: Key type asymmetric registered
Jun 15 09:37:28 ip-172-31-9-188 kernel: Asymmetric key parser 'x509' registered
Jun 15 09:37:28 ip-172-31-9-188 kernel: Block layer SCSI generic (bsg) driver version 0.4 loaded (major 248)
Jun 15 09:37:28 ip-172-31-9-188 kernel: io scheduler mq-deadline registered
Jun 15 09:37:28 ip-172-31-9-188 kernel: io scheduler kyber registered
Jun 15 09:37:28 ip-172-31-9-188 kernel: io scheduler bfq registered
Jun 15 09:37:28 ip-172-31-9-188 kernel: shpchp: Standard Hot Plug PCI Controller Driver version: 0.4
Jun 15 09:37:28 ip-172-31-9-188 kernel: Serial: 8250/16550 driver, 4 ports, IRQ sharing disabled
Jun 15 09:37:28 ip-172-31-9-188 kernel: 00:04: ttyS0 at I/O 0x3f8 (irq = 4, base_baud = 115200) is a 16550A
Jun 15 09:37:28 ip-172-31-9-188 kernel: AMD-Vi: AMD IOMMUv2 functionality not available on this system - This is not a bug.
Jun 15 09:37:28 ip-172-31-9-188 kernel: nvme nvme0: pci function 0000:00:04.0
Jun 15 09:37:28 ip-172-31-9-188 kernel: rtc_cmos 00:00: RTC can wake from S4
Jun 15 09:37:28 ip-172-31-9-188 kernel: ACPI: \_SB_.LNKD: Enabled at IRQ 11
Jun 15 09:37:28 ip-172-31-9-188 kernel: rtc_cmos 00:00: registered as rtc0
Jun 15 09:37:28 ip-172-31-9-188 kernel: rtc_cmos 00:00: setting system clock to 2025-06-15T09:37:28 UTC (1749980248)
Jun 15 09:37:28 ip-172-31-9-188 kernel: rtc_cmos 00:00: alarms up to one day, 114 bytes nvram
Jun 15 09:37:28 ip-172-31-9-188 kernel: intel_pstate: CPU model not supported
Jun 15 09:37:28 ip-172-31-9-188 kernel: pstore: Registered efi as persistent store backend
Jun 15 09:37:28 ip-172-31-9-188 kernel: hid: raw HID events driver (C) Jiri Kosina
Jun 15 09:37:28 ip-172-31-9-188 kernel: NET: Registered PF_INET6 protocol family
Jun 15 09:37:28 ip-172-31-9-188 kernel: nvme nvme0: 2/0/0 default/read/poll queues
Jun 15 09:37:28 ip-172-31-9-188 kernel: GPT:Primary header thinks Alt. header is not at the end of the disk.
Jun 15 09:37:28 ip-172-31-9-188 kernel: GPT:16777215 != 20971519
Jun 15 09:37:28 ip-172-31-9-188 kernel: GPT:Alternate GPT header not at the end of the disk.
Jun 15 09:37:28 ip-172-31-9-188 kernel: GPT:16777215 != 20971519
Jun 15 09:37:28 ip-172-31-9-188 kernel: GPT: Use GNU Parted to correct GPT errors.
Jun 15 09:37:28 ip-172-31-9-188 kernel: nvme0n1: p1 p127 p128
Jun 15 09:37:28 ip-172-31-9-188 kernel: Freeing initrd memory: 16020K
Jun 15 09:37:28 ip-172-31-9-188 kernel: Segment Routing with IPv6
Jun 15 09:37:28 ip-172-31-9-188 kernel: In-situ OAM (IOAM) with IPv6
Jun 15 09:37:28 ip-172-31-9-188 kernel: NET: Registered PF_PACKET protocol family
Jun 15 09:37:28 ip-172-31-9-188 kernel: IPI shorthand broadcast: enabled
Jun 15 09:37:28 ip-172-31-9-188 kernel: AVX2 version of gcm_enc/dec engaged.
Jun 15 09:37:28 ip-172-31-9-188 kernel: AES CTR mode by8 optimization enabled
Jun 15 09:37:28 ip-172-31-9-188 kernel: sched_clock: Marking stable (232910888, 2929974)->(259455669, -23614807)
Jun 15 09:37:28 ip-172-31-9-188 kernel: registered taskstats version 1
Jun 15 09:37:28 ip-172-31-9-188 kernel: Loading compiled-in X.509 certificates
Jun 15 09:37:28 ip-172-31-9-188 kernel: Loaded X.509 cert 'Amazon.com: Amazon Linux Kernel Signing Key: 7cb5918ec0aa34e5aa4019fd08ad93010ec8ed95'
Jun 15 09:37:28 ip-172-31-9-188 kernel: zswap: loaded using pool lzo/zbud
Jun 15 09:37:28 ip-172-31-9-188 kernel: Key type .fscrypt registered
Jun 15 09:37:28 ip-172-31-9-188 kernel: Key type fscrypt-provisioning registered
Jun 15 09:37:28 ip-172-31-9-188 kernel: pstore: Using crash dump compression: deflate
Jun 15 09:37:28 ip-172-31-9-188 kernel: ima: No TPM chip found, activating TPM-bypass!
Jun 15 09:37:28 ip-172-31-9-188 kernel: ima: Allocated hash algorithm: sha256
Jun 15 09:37:28 ip-172-31-9-188 kernel: ima: No architecture policies found
Jun 15 09:37:28 ip-172-31-9-188 kernel: clk: Disabling unused clocks
Jun 15 09:37:28 ip-172-31-9-188 kernel: Freeing unused decrypted memory: 2036K
Jun 15 09:37:28 ip-172-31-9-188 kernel: Freeing unused kernel image (initmem) memory: 2444K
Jun 15 09:37:28 ip-172-31-9-188 kernel: Write protecting the kernel read-only data: 26624k
Jun 15 09:37:28 ip-172-31-9-188 kernel: Freeing unused kernel image (text/rodata gap) memory: 2036K
Jun 15 09:37:28 ip-172-31-9-188 kernel: Freeing unused kernel image (rodata/data gap) memory: 1356K
Jun 15 09:37:28 ip-172-31-9-188 kernel: Run /init as init process
Jun 15 09:37:28 ip-172-31-9-188 systemd[1]: systemd 252.23-3.amzn2023 running in system mode (+PAM +AUDIT +SELINUX -APPARMOR +IMA +SMACK +SECCOMP -GCRYPT -GNUTLS +OPENSSL +ACL +BLKID +CURL +ELFUTILS +FIDO2 +IDN2 -IDN -IPTC +KMOD +LIBCRYPTSETUP +LIBFDISK +PCRE2 +PWQUALITY +P11KIT +QRENCODE +TPM2 -BZIP2 -LZ4 +XZ -ZLIB -ZSTD +BPF_FRAMEWORK +XKBCOMMON +UTMP +SYSVINIT default-hierarchy=unified)
Jun 15 09:37:28 ip-172-31-9-188 systemd[1]: Detected virtualization amazon.
Jun 15 09:37:28 ip-172-31-9-188 systemd[1]: Detected architecture x86-64.
Jun 15 09:37:28 ip-172-31-9-188 systemd[1]: Running in initrd.
Jun 15 09:37:28 ip-172-31-9-188 systemd[1]: No hostname configured, using default hostname.
Jun 15 09:37:28 ip-172-31-9-188 systemd[1]: Hostname set to <localhost>.
Jun 15 09:37:28 ip-172-31-9-188 systemd[1]: Initializing machine ID from VM UUID.
Jun 15 09:37:28 ip-172-31-9-188 systemd[1]: Queued start job for default target initrd.target.
Jun 15 09:37:28 ip-172-31-9-188 systemd[1]: Started systemd-ask-password-console.path - Dispatch Password Requests to Console Directory Watch.
Jun 15 09:37:28 ip-172-31-9-188 systemd[1]: Expecting device dev-disk-by\x2duuid-43d4a949\x2d6b4f\x2d4cd4\x2db65b\x2d312d6c2d0aef.device - /dev/disk/by-uuid/43d4a949-6b4f-4cd4-b65b-312d6c2d0aef...
Jun 15 09:37:28 ip-172-31-9-188 systemd[1]: Reached target initrd-usr-fs.target - Initrd /usr File System.
Jun 15 09:37:28 ip-172-31-9-188 systemd[1]: Reached target local-fs.target - Local File Systems.
Jun 15 09:37:28 ip-172-31-9-188 systemd[1]: Reached target paths.target - Path Units.
Jun 15 09:37:28 ip-172-31-9-188 systemd[1]: Reached target slices.target - Slice Units.
Jun 15 09:37:28 ip-172-31-9-188 systemd[1]: Reached target swap.target - Swaps.
Jun 15 09:37:28 ip-172-31-9-188 systemd[1]: Reached target timers.target - Timer Units.
Jun 15 09:37:28 ip-172-31-9-188 systemd[1]: Listening on systemd-journald-audit.socket - Journal Audit Socket.
Jun 15 09:37:28 ip-172-31-9-188 systemd[1]: Listening on systemd-journald-dev-log.socket - Journal Socket (/dev/log).
Jun 15 09:37:28 ip-172-31-9-188 systemd[1]: Listening on systemd-journald.socket - Journal Socket.
Jun 15 09:37:28 ip-172-31-9-188 systemd[1]: Listening on systemd-udevd-control.socket - udev Control Socket.
Jun 15 09:37:28 ip-172-31-9-188 systemd[1]: Listening on systemd-udevd-kernel.socket - udev Kernel Socket.
Jun 15 09:37:28 ip-172-31-9-188 systemd[1]: Reached target sockets.target - Socket Units.
Jun 15 09:37:28 ip-172-31-9-188 systemd[1]: kmod-static-nodes.service - Create List of Static Device Nodes was skipped because of an unmet condition check (ConditionFileNotEmpty=/lib/modules/6.1.134-152.225.amzn2023.x86_64/modules.devname).
Jun 15 09:37:28 ip-172-31-9-188 systemd[1]: Starting systemd-journald.service - Journal Service...
Jun 15 09:37:28 ip-172-31-9-188 systemd[1]: systemd-modules-load.service - Load Kernel Modules was skipped because no trigger condition checks were met.
Jun 15 09:37:28 ip-172-31-9-188 systemd[1]: Starting systemd-sysctl.service - Apply Kernel Variables...
Jun 15 09:37:28 ip-172-31-9-188 systemd[1]: Starting systemd-sysusers.service - Create System Users...
Jun 15 09:37:28 ip-172-31-9-188 systemd[1]: Starting systemd-vconsole-setup.service - Setup Virtual Console...
Jun 15 09:37:28 ip-172-31-9-188 systemd[1]: Finished systemd-vconsole-setup.service - Setup Virtual Console.
Jun 15 09:37:28 ip-172-31-9-188 systemd[1]: dracut-cmdline-ask.service - dracut ask for additional cmdline parameters was skipped because no trigger condition checks were met.
Jun 15 09:37:28 ip-172-31-9-188 systemd[1]: Starting dracut-cmdline.service - dracut cmdline hook...
Jun 15 09:37:28 ip-172-31-9-188 systemd[1]: Finished systemd-sysusers.service - Create System Users.
Jun 15 09:37:28 ip-172-31-9-188 kernel: audit: type=1130 audit(1749980248.939:2): pid=1 uid=0 auid=4294967295 ses=4294967295 subj=kernel msg='unit=systemd-sysusers comm="systemd" exe="/usr/lib/systemd/systemd" hostname=? addr=? terminal=? res=success'
Jun 15 09:37:28 ip-172-31-9-188 systemd[1]: Starting systemd-tmpfiles-setup-dev.service - Create Static Device Nodes in /dev...
Jun 15 09:37:28 ip-172-31-9-188 systemd-journald[342]: Journal started
Jun 15 09:37:28 ip-172-31-9-188 systemd-journald[342]: Runtime Journal (/run/log/journal/ec24c0483884e1185b3e2368d01351ca) is 2.2M, max 18.0M, 15.8M free.
Jun 15 09:37:28 ip-172-31-9-188 audit[1]: SERVICE_START pid=1 uid=0 auid=4294967295 ses=4294967295 subj=kernel msg='unit=systemd-sysusers comm="systemd" exe="/usr/lib/systemd/systemd" hostname=? addr=? terminal=? res=success'
Jun 15 09:37:28 ip-172-31-9-188 systemd-sysusers[344]: Creating group 'nobody' with GID 65534.
Jun 15 09:37:28 ip-172-31-9-188 systemd-sysusers[344]: Creating group 'users' with GID 100.
Jun 15 09:37:28 ip-172-31-9-188 systemd-sysusers[344]: Creating group 'systemd-journal' with GID 190.
Jun 15 09:37:28 ip-172-31-9-188 audit[1]: SERVICE_START pid=1 uid=0 auid=4294967295 ses=4294967295 subj=kernel msg='unit=systemd-journald comm="systemd" exe="/usr/lib/systemd/systemd" hostname=? addr=? terminal=? res=success'
Jun 15 09:37:28 ip-172-31-9-188 systemd[1]: Starting systemd-tmpfiles-setup.service - Create Volatile Files and Directories...
Jun 15 09:37:28 ip-172-31-9-188 systemd[1]: Started systemd-journald.service - Journal Service.
Jun 15 09:37:28 ip-172-31-9-188 kernel: audit: type=1130 audit(1749980248.949:3): pid=1 uid=0 auid=4294967295 ses=4294967295 subj=kernel msg='unit=systemd-journald comm="systemd" exe="/usr/lib/systemd/systemd" hostname=? addr=? terminal=? res=success'
Jun 15 09:37:28 ip-172-31-9-188 systemd-tmpfiles[354]: /usr/lib/tmpfiles.d/var.conf:14: Duplicate line for path "/var/log", ignoring.
Jun 15 09:37:28 ip-172-31-9-188 dracut-cmdline[346]: dracut-102-3.amzn2023.0.1
Jun 15 09:37:28 ip-172-31-9-188 audit[1]: SERVICE_START pid=1 uid=0 auid=4294967295 ses=4294967295 subj=kernel msg='unit=systemd-sysctl comm="systemd" exe="/usr/lib/systemd/systemd" hostname=? addr=? terminal=? res=success'
Jun 15 09:37:28 ip-172-31-9-188 systemd[1]: Finished systemd-sysctl.service - Apply Kernel Variables.
Jun 15 09:37:28 ip-172-31-9-188 systemd[1]: Finished systemd-tmpfiles-setup-dev.service - Create Static Device Nodes in /dev.
Jun 15 09:37:28 ip-172-31-9-188 audit[1]: SERVICE_START pid=1 uid=0 auid=4294967295 ses=4294967295 subj=kernel msg='unit=systemd-tmpfiles-setup-dev comm="systemd" exe="/usr/lib/systemd/systemd" hostname=? addr=? terminal=? res=success'
Jun 15 09:37:28 ip-172-31-9-188 systemd[1]: Finished systemd-tmpfiles-setup.service - Create Volatile Files and Directories.
Jun 15 09:37:28 ip-172-31-9-188 audit[1]: SERVICE_START pid=1 uid=0 auid=4294967295 ses=4294967295 subj=kernel msg='unit=systemd-tmpfiles-setup comm="systemd" exe="/usr/lib/systemd/systemd" hostname=? addr=? terminal=? res=success'
Jun 15 09:37:28 ip-172-31-9-188 dracut-cmdline[346]: Using kernel command line parameters:    BOOT_IMAGE=(hd0,gpt1)/boot/vmlinuz-6.1.134-152.225.amzn2023.x86_64 root=UUID=43d4a949-6b4f-4cd4-b65b-312d6c2d0aef ro console=tty0 console=ttyS0,115200n8 nvme_core.io_timeout=4294967295 rd.emergency=poweroff rd.shell=0 selinux=1 security=selinux quiet
Jun 15 09:37:28 ip-172-31-9-188 kernel: audit: type=1130 audit(1749980248.969:4): pid=1 uid=0 auid=4294967295 ses=4294967295 subj=kernel msg='unit=systemd-sysctl comm="systemd" exe="/usr/lib/systemd/systemd" hostname=? addr=? terminal=? res=success'
Jun 15 09:37:28 ip-172-31-9-188 kernel: audit: type=1130 audit(1749980248.969:5): pid=1 uid=0 auid=4294967295 ses=4294967295 subj=kernel msg='unit=systemd-tmpfiles-setup-dev comm="systemd" exe="/usr/lib/systemd/systemd" hostname=? addr=? terminal=? res=success'
Jun 15 09:37:28 ip-172-31-9-188 kernel: audit: type=1130 audit(1749980248.969:6): pid=1 uid=0 auid=4294967295 ses=4294967295 subj=kernel msg='unit=systemd-tmpfiles-setup comm="systemd" exe="/usr/lib/systemd/systemd" hostname=? addr=? terminal=? res=success'
Jun 15 09:37:29 ip-172-31-9-188 systemd[1]: Finished dracut-cmdline.service - dracut cmdline hook.
Jun 15 09:37:29 ip-172-31-9-188 audit[1]: SERVICE_START pid=1 uid=0 auid=4294967295 ses=4294967295 subj=kernel msg='unit=dracut-cmdline comm="systemd" exe="/usr/lib/systemd/systemd" hostname=? addr=? terminal=? res=success'
Jun 15 09:37:29 ip-172-31-9-188 systemd[1]: dracut-pre-udev.service - dracut pre-udev hook was skipped because no trigger condition checks were met.
Jun 15 09:37:29 ip-172-31-9-188 audit: BPF prog-id=6 op=LOAD
Jun 15 09:37:29 ip-172-31-9-188 audit: BPF prog-id=7 op=LOAD
Jun 15 09:37:29 ip-172-31-9-188 kernel: audit: type=1130 audit(1749980248.999:7): pid=1 uid=0 auid=4294967295 ses=4294967295 subj=kernel msg='unit=dracut-cmdline comm="systemd" exe="/usr/lib/systemd/systemd" hostname=? addr=? terminal=? res=success'
Jun 15 09:37:29 ip-172-31-9-188 kernel: audit: type=1334 audit(1749980248.999:8): prog-id=6 op=LOAD
Jun 15 09:37:29 ip-172-31-9-188 kernel: audit: type=1334 audit(1749980248.999:9): prog-id=7 op=LOAD
Jun 15 09:37:29 ip-172-31-9-188 systemd[1]: Starting systemd-udevd.service - Rule-based Manager for Device Events and Files...
Jun 15 09:37:29 ip-172-31-9-188 systemd-udevd[406]: Using default interface naming scheme 'v252'.
Jun 15 09:37:29 ip-172-31-9-188 systemd[1]: Started systemd-udevd.service - Rule-based Manager for Device Events and Files.
Jun 15 09:37:29 ip-172-31-9-188 audit[1]: SERVICE_START pid=1 uid=0 auid=4294967295 ses=4294967295 subj=kernel msg='unit=systemd-udevd comm="systemd" exe="/usr/lib/systemd/systemd" hostname=? addr=? terminal=? res=success'
Jun 15 09:37:29 ip-172-31-9-188 systemd[1]: Starting dracut-pre-trigger.service - dracut pre-trigger hook...
Jun 15 09:37:29 ip-172-31-9-188 kernel: audit: type=1130 audit(1749980249.029:10): pid=1 uid=0 auid=4294967295 ses=4294967295 subj=kernel msg='unit=systemd-udevd comm="systemd" exe="/usr/lib/systemd/systemd" hostname=? addr=? terminal=? res=success'
Jun 15 09:37:29 ip-172-31-9-188 systemd[1]: Finished dracut-pre-trigger.service - dracut pre-trigger hook.
Jun 15 09:37:29 ip-172-31-9-188 audit[1]: SERVICE_START pid=1 uid=0 auid=4294967295 ses=4294967295 subj=kernel msg='unit=dracut-pre-trigger comm="systemd" exe="/usr/lib/systemd/systemd" hostname=? addr=? terminal=? res=success'
Jun 15 09:37:29 ip-172-31-9-188 systemd[1]: Starting systemd-udev-trigger.service - Coldplug All udev Devices...
Jun 15 09:37:29 ip-172-31-9-188 audit[1]: SERVICE_START pid=1 uid=0 auid=4294967295 ses=4294967295 subj=kernel msg='unit=systemd-udev-trigger comm="systemd" exe="/usr/lib/systemd/systemd" hostname=? addr=? terminal=? res=success'
Jun 15 09:37:29 ip-172-31-9-188 systemd[1]: Finished systemd-udev-trigger.service - Coldplug All udev Devices.
Jun 15 09:37:29 ip-172-31-9-188 systemd[1]: Reached target sysinit.target - System Initialization.
Jun 15 09:37:29 ip-172-31-9-188 systemd[1]: Reached target basic.target - Basic System.
Jun 15 09:37:29 ip-172-31-9-188 systemd[1]: dracut-initqueue.service - dracut initqueue hook was skipped because no trigger condition checks were met.
Jun 15 09:37:29 ip-172-31-9-188 systemd[1]: Reached target remote-fs-pre.target - Preparation for Remote File Systems.
Jun 15 09:37:29 ip-172-31-9-188 systemd[1]: Reached target remote-fs.target - Remote File Systems.
Jun 15 09:37:29 ip-172-31-9-188 systemd[1]: dracut-pre-mount.service - dracut pre-mount hook was skipped because no trigger condition checks were met.
Jun 15 09:37:29 ip-172-31-9-188 systemd[1]: Started rngd.service - Hardware RNG Entropy Gatherer Daemon.
Jun 15 09:37:29 ip-172-31-9-188 audit[1]: SERVICE_START pid=1 uid=0 auid=4294967295 ses=4294967295 subj=kernel msg='unit=rngd comm="systemd" exe="/usr/lib/systemd/systemd" hostname=? addr=? terminal=? res=success'
Jun 15 09:37:29 ip-172-31-9-188 rngd[487]: Disabling 7: PKCS11 Entropy generator (pkcs11)
Jun 15 09:37:29 ip-172-31-9-188 rngd[487]: Disabling 5: NIST Network Entropy Beacon (nist)
Jun 15 09:37:29 ip-172-31-9-188 rngd[487]: Initializing available sources
Jun 15 09:37:29 ip-172-31-9-188 rngd[487]: [hwrng ]: Initialization Failed
Jun 15 09:37:29 ip-172-31-9-188 rngd[487]: [rdrand]: Enabling RDSEED rng support
Jun 15 09:37:29 ip-172-31-9-188 rngd[487]: [rdrand]: Initialized
Jun 15 09:37:29 ip-172-31-9-188 rngd[487]: [jitter]: Initializing AES buffer
Jun 15 09:37:29 ip-172-31-9-188 systemd[1]: Found device dev-disk-by\x2duuid-43d4a949\x2d6b4f\x2d4cd4\x2db65b\x2d312d6c2d0aef.device - Amazon Elastic Block Store /.
Jun 15 09:37:29 ip-172-31-9-188 systemd[1]: Reached target initrd-root-device.target - Initrd Root Device.
Jun 15 09:37:29 ip-172-31-9-188 systemd[1]: Mounting sysroot.mount - /sysroot...
Jun 15 09:37:29 ip-172-31-9-188 kernel: XFS (nvme0n1p1): Mounting V5 Filesystem
Jun 15 09:37:29 ip-172-31-9-188 systemd[1]: Mounted sysroot.mount - /sysroot.
Jun 15 09:37:29 ip-172-31-9-188 systemd[1]: Reached target initrd-root-fs.target - Initrd Root File System.
Jun 15 09:37:29 ip-172-31-9-188 kernel: XFS (nvme0n1p1): Ending clean mount
Jun 15 09:37:29 ip-172-31-9-188 systemd[1]: Starting initrd-parse-etc.service - Mountpoints Configured in the Real Root...
Jun 15 09:37:29 ip-172-31-9-188 systemd[1]: initrd-parse-etc.service: Deactivated successfully.
Jun 15 09:37:29 ip-172-31-9-188 systemd[1]: Finished initrd-parse-etc.service - Mountpoints Configured in the Real Root.
Jun 15 09:37:29 ip-172-31-9-188 audit[1]: SERVICE_START pid=1 uid=0 auid=4294967295 ses=4294967295 subj=kernel msg='unit=initrd-parse-etc comm="systemd" exe="/usr/lib/systemd/systemd" hostname=? addr=? terminal=? res=success'
Jun 15 09:37:29 ip-172-31-9-188 audit[1]: SERVICE_STOP pid=1 uid=0 auid=4294967295 ses=4294967295 subj=kernel msg='unit=initrd-parse-etc comm="systemd" exe="/usr/lib/systemd/systemd" hostname=? addr=? terminal=? res=success'
Jun 15 09:37:29 ip-172-31-9-188 systemd[1]: Reached target initrd-fs.target - Initrd File Systems.
Jun 15 09:37:29 ip-172-31-9-188 systemd[1]: Reached target initrd.target - Initrd Default Target.
Jun 15 09:37:29 ip-172-31-9-188 systemd[1]: dracut-mount.service - dracut mount hook was skipped because no trigger condition checks were met.
Jun 15 09:37:29 ip-172-31-9-188 systemd[1]: dracut-pre-pivot.service - dracut pre-pivot and cleanup hook was skipped because no trigger condition checks were met.
Jun 15 09:37:29 ip-172-31-9-188 systemd[1]: Starting initrd-cleanup.service - Cleaning Up and Shutting Down Daemons...
Jun 15 09:37:29 ip-172-31-9-188 systemd[1]: initrd-cleanup.service: Deactivated successfully.
Jun 15 09:37:29 ip-172-31-9-188 systemd[1]: Finished initrd-cleanup.service - Cleaning Up and Shutting Down Daemons.
Jun 15 09:37:29 ip-172-31-9-188 audit[1]: SERVICE_START pid=1 uid=0 auid=4294967295 ses=4294967295 subj=kernel msg='unit=initrd-cleanup comm="systemd" exe="/usr/lib/systemd/systemd" hostname=? addr=? terminal=? res=success'
Jun 15 09:37:29 ip-172-31-9-188 audit[1]: SERVICE_STOP pid=1 uid=0 auid=4294967295 ses=4294967295 subj=kernel msg='unit=initrd-cleanup comm="systemd" exe="/usr/lib/systemd/systemd" hostname=? addr=? terminal=? res=success'
Jun 15 09:37:29 ip-172-31-9-188 systemd[1]: Stopped target initrd.target - Initrd Default Target.
Jun 15 09:37:29 ip-172-31-9-188 systemd[1]: Stopped target initrd-root-device.target - Initrd Root Device.
Jun 15 09:37:29 ip-172-31-9-188 systemd[1]: Stopped target initrd-usr-fs.target - Initrd /usr File System.
Jun 15 09:37:29 ip-172-31-9-188 systemd[1]: Stopped target remote-fs.target - Remote File Systems.
Jun 15 09:37:29 ip-172-31-9-188 systemd[1]: Stopped target remote-fs-pre.target - Preparation for Remote File Systems.
Jun 15 09:37:29 ip-172-31-9-188 systemd[1]: Stopped target timers.target - Timer Units.
Jun 15 09:37:29 ip-172-31-9-188 systemd[1]: dracut-cmdline.service: Deactivated successfully.
Jun 15 09:37:29 ip-172-31-9-188 systemd[1]: Stopped dracut-cmdline.service - dracut cmdline hook.
Jun 15 09:37:29 ip-172-31-9-188 audit[1]: SERVICE_STOP pid=1 uid=0 auid=4294967295 ses=4294967295 subj=kernel msg='unit=dracut-cmdline comm="systemd" exe="/usr/lib/systemd/systemd" hostname=? addr=? terminal=? res=success'
Jun 15 09:37:29 ip-172-31-9-188 systemd[1]: Stopping rngd.service - Hardware RNG Entropy Gatherer Daemon...
Jun 15 09:37:29 ip-172-31-9-188 systemd[1]: systemd-vconsole-setup.service: Deactivated successfully.
Jun 15 09:37:29 ip-172-31-9-188 audit[1]: SERVICE_STOP pid=1 uid=0 auid=4294967295 ses=4294967295 subj=kernel msg='unit=systemd-vconsole-setup comm="systemd" exe="/usr/lib/systemd/systemd" hostname=? addr=? terminal=? res=success'
Jun 15 09:37:29 ip-172-31-9-188 systemd[1]: Stopped systemd-vconsole-setup.service - Setup Virtual Console.
Jun 15 09:37:29 ip-172-31-9-188 systemd[1]: rngd.service: Deactivated successfully.
Jun 15 09:37:29 ip-172-31-9-188 systemd[1]: Stopped rngd.service - Hardware RNG Entropy Gatherer Daemon.
Jun 15 09:37:29 ip-172-31-9-188 audit[1]: SERVICE_STOP pid=1 uid=0 auid=4294967295 ses=4294967295 subj=kernel msg='unit=rngd comm="systemd" exe="/usr/lib/systemd/systemd" hostname=? addr=? terminal=? res=success'
Jun 15 09:37:29 ip-172-31-9-188 systemd[1]: Stopped target basic.target - Basic System.
Jun 15 09:37:29 ip-172-31-9-188 systemd[1]: Stopped target paths.target - Path Units.
Jun 15 09:37:29 ip-172-31-9-188 systemd[1]: systemd-ask-password-console.path: Deactivated successfully.
Jun 15 09:37:29 ip-172-31-9-188 systemd[1]: Stopped systemd-ask-password-console.path - Dispatch Password Requests to Console Directory Watch.
Jun 15 09:37:29 ip-172-31-9-188 systemd[1]: Stopped target slices.target - Slice Units.
Jun 15 09:37:29 ip-172-31-9-188 systemd[1]: Stopped target sockets.target - Socket Units.
Jun 15 09:37:29 ip-172-31-9-188 systemd[1]: Stopped target sysinit.target - System Initialization.
Jun 15 09:37:29 ip-172-31-9-188 systemd[1]: Stopped target swap.target - Swaps.
Jun 15 09:37:29 ip-172-31-9-188 systemd[1]: systemd-sysctl.service: Deactivated successfully.
Jun 15 09:37:29 ip-172-31-9-188 systemd[1]: Stopped systemd-sysctl.service - Apply Kernel Variables.
Jun 15 09:37:29 ip-172-31-9-188 audit[1]: SERVICE_STOP pid=1 uid=0 auid=4294967295 ses=4294967295 subj=kernel msg='unit=systemd-sysctl comm="systemd" exe="/usr/lib/systemd/systemd" hostname=? addr=? terminal=? res=success'
Jun 15 09:37:29 ip-172-31-9-188 systemd[1]: systemd-tmpfiles-setup.service: Deactivated successfully.
Jun 15 09:37:29 ip-172-31-9-188 systemd[1]: Stopped systemd-tmpfiles-setup.service - Create Volatile Files and Directories.
Jun 15 09:37:29 ip-172-31-9-188 audit[1]: SERVICE_STOP pid=1 uid=0 auid=4294967295 ses=4294967295 subj=kernel msg='unit=systemd-tmpfiles-setup comm="systemd" exe="/usr/lib/systemd/systemd" hostname=? addr=? terminal=? res=success'
Jun 15 09:37:29 ip-172-31-9-188 systemd[1]: Stopped target local-fs.target - Local File Systems.
Jun 15 09:37:29 ip-172-31-9-188 systemd[1]: systemd-udev-trigger.service: Deactivated successfully.
Jun 15 09:37:29 ip-172-31-9-188 systemd[1]: Stopped systemd-udev-trigger.service - Coldplug All udev Devices.
Jun 15 09:37:29 ip-172-31-9-188 audit[1]: SERVICE_STOP pid=1 uid=0 auid=4294967295 ses=4294967295 subj=kernel msg='unit=systemd-udev-trigger comm="systemd" exe="/usr/lib/systemd/systemd" hostname=? addr=? terminal=? res=success'
Jun 15 09:37:29 ip-172-31-9-188 systemd[1]: dracut-pre-trigger.service: Deactivated successfully.
Jun 15 09:37:29 ip-172-31-9-188 systemd[1]: Stopped dracut-pre-trigger.service - dracut pre-trigger hook.
Jun 15 09:37:29 ip-172-31-9-188 audit[1]: SERVICE_STOP pid=1 uid=0 auid=4294967295 ses=4294967295 subj=kernel msg='unit=dracut-pre-trigger comm="systemd" exe="/usr/lib/systemd/systemd" hostname=? addr=? terminal=? res=success'
Jun 15 09:37:29 ip-172-31-9-188 systemd[1]: Stopping systemd-udevd.service - Rule-based Manager for Device Events and Files...
Jun 15 09:37:29 ip-172-31-9-188 systemd[1]: systemd-udevd.service: Deactivated successfully.
Jun 15 09:37:29 ip-172-31-9-188 systemd[1]: Stopped systemd-udevd.service - Rule-based Manager for Device Events and Files.
Jun 15 09:37:29 ip-172-31-9-188 audit[1]: SERVICE_STOP pid=1 uid=0 auid=4294967295 ses=4294967295 subj=kernel msg='unit=systemd-udevd comm="systemd" exe="/usr/lib/systemd/systemd" hostname=? addr=? terminal=? res=success'
Jun 15 09:37:29 ip-172-31-9-188 systemd[1]: systemd-udevd-control.socket: Deactivated successfully.
Jun 15 09:37:29 ip-172-31-9-188 systemd[1]: Closed systemd-udevd-control.socket - udev Control Socket.
Jun 15 09:37:29 ip-172-31-9-188 systemd[1]: systemd-udevd-kernel.socket: Deactivated successfully.
Jun 15 09:37:29 ip-172-31-9-188 systemd[1]: Closed systemd-udevd-kernel.socket - udev Kernel Socket.
Jun 15 09:37:29 ip-172-31-9-188 audit[1]: SERVICE_STOP pid=1 uid=0 auid=4294967295 ses=4294967295 subj=kernel msg='unit=systemd-tmpfiles-setup-dev comm="systemd" exe="/usr/lib/systemd/systemd" hostname=? addr=? terminal=? res=success'
Jun 15 09:37:29 ip-172-31-9-188 systemd[1]: Starting initrd-udevadm-cleanup-db.service - Cleanup udev Database...
Jun 15 09:37:29 ip-172-31-9-188 systemd[1]: systemd-tmpfiles-setup-dev.service: Deactivated successfully.
Jun 15 09:37:29 ip-172-31-9-188 systemd[1]: Stopped systemd-tmpfiles-setup-dev.service - Create Static Device Nodes in /dev.
Jun 15 09:37:29 ip-172-31-9-188 audit[1]: SERVICE_STOP pid=1 uid=0 auid=4294967295 ses=4294967295 subj=kernel msg='unit=systemd-sysusers comm="systemd" exe="/usr/lib/systemd/systemd" hostname=? addr=? terminal=? res=success'
Jun 15 09:37:29 ip-172-31-9-188 systemd[1]: systemd-sysusers.service: Deactivated successfully.
Jun 15 09:37:29 ip-172-31-9-188 systemd[1]: Stopped systemd-sysusers.service - Create System Users.
Jun 15 09:37:29 ip-172-31-9-188 systemd[1]: initrd-udevadm-cleanup-db.service: Deactivated successfully.
Jun 15 09:37:29 ip-172-31-9-188 systemd[1]: Finished initrd-udevadm-cleanup-db.service - Cleanup udev Database.
Jun 15 09:37:29 ip-172-31-9-188 audit[1]: SERVICE_START pid=1 uid=0 auid=4294967295 ses=4294967295 subj=kernel msg='unit=initrd-udevadm-cleanup-db comm="systemd" exe="/usr/lib/systemd/systemd" hostname=? addr=? terminal=? res=success'
Jun 15 09:37:29 ip-172-31-9-188 audit[1]: SERVICE_STOP pid=1 uid=0 auid=4294967295 ses=4294967295 subj=kernel msg='unit=initrd-udevadm-cleanup-db comm="systemd" exe="/usr/lib/systemd/systemd" hostname=? addr=? terminal=? res=success'
Jun 15 09:37:29 ip-172-31-9-188 systemd[1]: Reached target initrd-switch-root.target - Switch Root.
Jun 15 09:37:29 ip-172-31-9-188 systemd[1]: Starting initrd-switch-root.service - Switch Root...
Jun 15 09:37:29 ip-172-31-9-188 systemd[1]: Switching root.
Jun 15 09:37:29 ip-172-31-9-188 systemd-journald[342]: Journal stopped
Jun 15 09:37:30 ip-172-31-9-188 systemd-journald[342]: Received SIGTERM from PID 1 (systemd).
Jun 15 09:37:30 ip-172-31-9-188 kernel: SELinux:  Class user_namespace not defined in policy.
Jun 15 09:37:30 ip-172-31-9-188 kernel: SELinux: the above unknown classes and permissions will be allowed
Jun 15 09:37:30 ip-172-31-9-188 kernel: SELinux:  policy capability network_peer_controls=1
Jun 15 09:37:30 ip-172-31-9-188 kernel: SELinux:  policy capability open_perms=1
Jun 15 09:37:30 ip-172-31-9-188 kernel: SELinux:  policy capability extended_socket_class=1
Jun 15 09:37:30 ip-172-31-9-188 kernel: SELinux:  policy capability always_check_network=0
Jun 15 09:37:30 ip-172-31-9-188 kernel: SELinux:  policy capability cgroup_seclabel=1
Jun 15 09:37:30 ip-172-31-9-188 kernel: SELinux:  policy capability nnp_nosuid_transition=1
Jun 15 09:37:30 ip-172-31-9-188 kernel: SELinux:  policy capability genfs_seclabel_symlinks=1
Jun 15 09:37:30 ip-172-31-9-188 kernel: SELinux:  policy capability ioctl_skip_cloexec=0
Jun 15 09:37:30 ip-172-31-9-188 systemd[1]: Successfully loaded SELinux policy in 148.275ms.
Jun 15 09:37:30 ip-172-31-9-188 systemd[1]: Relabelled /dev, /dev/shm, /run, /sys/fs/cgroup in 21.708ms.
Jun 15 09:37:30 ip-172-31-9-188 systemd[1]: systemd 252.23-3.amzn2023 running in system mode (+PAM +AUDIT +SELINUX -APPARMOR +IMA +SMACK +SECCOMP -GCRYPT -GNUTLS +OPENSSL +ACL +BLKID +CURL +ELFUTILS +FIDO2 +IDN2 -IDN -IPTC +KMOD +LIBCRYPTSETUP +LIBFDISK +PCRE2 +PWQUALITY +P11KIT +QRENCODE +TPM2 -BZIP2 -LZ4 +XZ -ZLIB -ZSTD +BPF_FRAMEWORK +XKBCOMMON +UTMP +SYSVINIT default-hierarchy=unified)
Jun 15 09:37:30 ip-172-31-9-188 systemd[1]: Detected virtualization amazon.
Jun 15 09:37:30 ip-172-31-9-188 systemd[1]: Detected architecture x86-64.
Jun 15 09:37:30 ip-172-31-9-188 systemd[1]: Hostname set to <ip-172-31-9-188.ap-northeast-2.compute.internal>.
Jun 15 09:37:30 ip-172-31-9-188 systemd[1]: bpf-lsm: LSM BPF program attached
Jun 15 09:37:30 ip-172-31-9-188 zram_generator::config[806]: zram0: system has too much memory (904MB), limit is 800MB, ignoring.
Jun 15 09:37:30 ip-172-31-9-188 systemd[1]: /usr/lib/systemd/system/acpid.socket:6: ListenStream= references a path below legacy directory /var/run/, updating /var/run/acpid.socket  /run/acpid.socket; please update the unit file accordingly.
Jun 15 09:37:30 ip-172-31-9-188 systemd[1]: initrd-switch-root.service: Deactivated successfully.
Jun 15 09:37:30 ip-172-31-9-188 systemd[1]: Stopped initrd-switch-root.service - Switch Root.
Jun 15 09:37:30 ip-172-31-9-188 systemd[1]: systemd-journald.service: Scheduled restart job, restart counter is at 1.
Jun 15 09:37:30 ip-172-31-9-188 systemd[1]: Created slice system-getty.slice - Slice /system/getty.
Jun 15 09:37:30 ip-172-31-9-188 systemd[1]: Created slice system-modprobe.slice - Slice /system/modprobe.
Jun 15 09:37:30 ip-172-31-9-188 systemd[1]: Created slice system-serial\x2dgetty.slice - Slice /system/serial-getty.
Jun 15 09:37:30 ip-172-31-9-188 systemd[1]: Created slice system-sshd\x2dkeygen.slice - Slice /system/sshd-keygen.
Jun 15 09:37:30 ip-172-31-9-188 systemd[1]: Created slice user.slice - User and Session Slice.
Jun 15 09:37:30 ip-172-31-9-188 systemd[1]: Started systemd-ask-password-console.path - Dispatch Password Requests to Console Directory Watch.
Jun 15 09:37:30 ip-172-31-9-188 systemd[1]: Started systemd-ask-password-wall.path - Forward Password Requests to Wall Directory Watch.
Jun 15 09:37:30 ip-172-31-9-188 systemd[1]: Set up automount proc-sys-fs-binfmt_misc.automount - Arbitrary Executable File Formats File System Automount Point.
Jun 15 09:37:30 ip-172-31-9-188 systemd[1]: Expecting device dev-ttyS0.device - /dev/ttyS0...
Jun 15 09:37:30 ip-172-31-9-188 systemd[1]: Reached target aws-eb.target.
Jun 15 09:37:30 ip-172-31-9-188 systemd[1]: Reached target cryptsetup.target - Local Encrypted Volumes.
Jun 15 09:37:30 ip-172-31-9-188 systemd[1]: Stopped target initrd-switch-root.target - Switch Root.
Jun 15 09:37:30 ip-172-31-9-188 systemd[1]: Stopped target initrd-fs.target - Initrd File Systems.
Jun 15 09:37:30 ip-172-31-9-188 systemd[1]: Stopped target initrd-root-fs.target - Initrd Root File System.
Jun 15 09:37:30 ip-172-31-9-188 systemd[1]: Reached target integritysetup.target - Local Integrity Protected Volumes.
Jun 15 09:37:30 ip-172-31-9-188 systemd[1]: Reached target paths.target - Path Units.
Jun 15 09:37:30 ip-172-31-9-188 systemd[1]: Reached target slices.target - Slice Units.
Jun 15 09:37:30 ip-172-31-9-188 systemd[1]: Reached target swap.target - Swaps.
Jun 15 09:37:30 ip-172-31-9-188 systemd[1]: Reached target veritysetup.target - Local Verity Protected Volumes.
Jun 15 09:37:30 ip-172-31-9-188 systemd[1]: Listening on systemd-coredump.socket - Process Core Dump Socket.
Jun 15 09:37:30 ip-172-31-9-188 systemd[1]: Listening on systemd-initctl.socket - initctl Compatibility Named Pipe.
Jun 15 09:37:30 ip-172-31-9-188 systemd[1]: Listening on systemd-networkd.socket - Network Service Netlink Socket.
Jun 15 09:37:30 ip-172-31-9-188 systemd[1]: Listening on systemd-udevd-control.socket - udev Control Socket.
Jun 15 09:37:30 ip-172-31-9-188 systemd[1]: Listening on systemd-udevd-kernel.socket - udev Kernel Socket.
Jun 15 09:37:30 ip-172-31-9-188 systemd[1]: Listening on systemd-userdbd.socket - User Database Manager Socket.
Jun 15 09:37:30 ip-172-31-9-188 systemd[1]: Mounting dev-hugepages.mount - Huge Pages File System...
Jun 15 09:37:30 ip-172-31-9-188 systemd[1]: Mounting dev-mqueue.mount - POSIX Message Queue File System...
Jun 15 09:37:30 ip-172-31-9-188 systemd[1]: Mounting sys-kernel-debug.mount - Kernel Debug File System...
Jun 15 09:37:30 ip-172-31-9-188 systemd[1]: Mounting sys-kernel-tracing.mount - Kernel Trace File System...
Jun 15 09:37:30 ip-172-31-9-188 systemd[1]: Mounting tmp.mount - Temporary Directory /tmp...
Jun 15 09:37:30 ip-172-31-9-188 systemd[1]: auth-rpcgss-module.service - Kernel Module supporting RPCSEC_GSS was skipped because of an unmet condition check (ConditionPathExists=/etc/krb5.keytab).
Jun 15 09:37:30 ip-172-31-9-188 systemd[1]: Starting kmod-static-nodes.service - Create List of Static Device Nodes...
Jun 15 09:37:30 ip-172-31-9-188 systemd[1]: Starting modprobe@configfs.service - Load Kernel Module configfs...
Jun 15 09:37:30 ip-172-31-9-188 systemd[1]: Starting modprobe@dm_mod.service - Load Kernel Module dm_mod...
Jun 15 09:37:30 ip-172-31-9-188 systemd[1]: Starting modprobe@drm.service - Load Kernel Module drm...
Jun 15 09:37:30 ip-172-31-9-188 systemd[1]: Starting modprobe@efi_pstore.service - Load Kernel Module efi_pstore...
Jun 15 09:37:30 ip-172-31-9-188 systemd[1]: Starting modprobe@fuse.service - Load Kernel Module fuse...
Jun 15 09:37:30 ip-172-31-9-188 systemd[1]: Starting modprobe@loop.service - Load Kernel Module loop...
Jun 15 09:37:30 ip-172-31-9-188 systemd[1]: Starting nfs-convert.service - Preprocess NFS configuration convertion...
Jun 15 09:37:30 ip-172-31-9-188 systemd[1]: Starting systemd-fsck-root.service - File System Check on Root Device...
Jun 15 09:37:30 ip-172-31-9-188 systemd[1]: Stopped systemd-journald.service - Journal Service.
Jun 15 09:37:30 ip-172-31-9-188 systemd[1]: Starting systemd-journald.service - Journal Service...
Jun 15 09:37:30 ip-172-31-9-188 systemd[1]: systemd-modules-load.service - Load Kernel Modules was skipped because no trigger condition checks were met.
Jun 15 09:37:30 ip-172-31-9-188 systemd[1]: Starting systemd-network-generator.service - Generate network units from Kernel command line...
Jun 15 09:37:30 ip-172-31-9-188 systemd[1]: Starting systemd-sysctl.service - Apply Kernel Variables...
Jun 15 09:37:30 ip-172-31-9-188 systemd[1]: Starting systemd-udev-trigger.service - Coldplug All udev Devices...
Jun 15 09:37:30 ip-172-31-9-188 systemd[1]: Mounted dev-hugepages.mount - Huge Pages File System.
Jun 15 09:37:30 ip-172-31-9-188 systemd[1]: Mounted dev-mqueue.mount - POSIX Message Queue File System.
Jun 15 09:37:30 ip-172-31-9-188 systemd[1]: Mounted sys-kernel-debug.mount - Kernel Debug File System.
Jun 15 09:37:30 ip-172-31-9-188 systemd[1]: Mounted sys-kernel-tracing.mount - Kernel Trace File System.
Jun 15 09:37:30 ip-172-31-9-188 systemd[1]: Mounted tmp.mount - Temporary Directory /tmp.
Jun 15 09:37:30 ip-172-31-9-188 systemd[1]: Finished kmod-static-nodes.service - Create List of Static Device Nodes.
Jun 15 09:37:30 ip-172-31-9-188 systemd[1]: modprobe@configfs.service: Deactivated successfully.
Jun 15 09:37:30 ip-172-31-9-188 kernel: device-mapper: core: CONFIG_IMA_DISABLE_HTABLE is disabled. Duplicate IMA measurements will not be recorded in the IMA log.
Jun 15 09:37:30 ip-172-31-9-188 kernel: device-mapper: uevent: version 1.0.3
Jun 15 09:37:30 ip-172-31-9-188 kernel: device-mapper: ioctl: 4.47.0-ioctl (2022-07-28) initialised: dm-devel@redhat.com
Jun 15 09:37:30 ip-172-31-9-188 kernel: fuse: init (API version 7.38)
Jun 15 09:37:30 ip-172-31-9-188 systemd-journald[830]: Journal started
Jun 15 09:37:30 ip-172-31-9-188 systemd-journald[830]: Runtime Journal (/run/log/journal/ec269af9590bc5d7c9558a31d03b8b43) is 2.2M, max 18.0M, 15.8M free.
Jun 15 09:37:30 ip-172-31-9-188 audit: MAC_POLICY_LOAD auid=4294967295 ses=4294967295 lsm=selinux res=1
Jun 15 09:37:30 ip-172-31-9-188 audit: BPF prog-id=8 op=LOAD
Jun 15 09:37:30 ip-172-31-9-188 audit: BPF prog-id=8 op=UNLOAD
Jun 15 09:37:30 ip-172-31-9-188 audit: BPF prog-id=9 op=LOAD
Jun 15 09:37:30 ip-172-31-9-188 audit: BPF prog-id=9 op=UNLOAD
Jun 15 09:37:30 ip-172-31-9-188 audit: BPF prog-id=10 op=LOAD
Jun 15 09:37:30 ip-172-31-9-188 audit: BPF prog-id=10 op=UNLOAD
Jun 15 09:37:30 ip-172-31-9-188 audit: BPF prog-id=11 op=LOAD
Jun 15 09:37:30 ip-172-31-9-188 audit: BPF prog-id=11 op=UNLOAD
Jun 15 09:37:30 ip-172-31-9-188 audit: BPF prog-id=12 op=LOAD
Jun 15 09:37:30 ip-172-31-9-188 audit: BPF prog-id=12 op=UNLOAD
Jun 15 09:37:30 ip-172-31-9-188 audit: BPF prog-id=13 op=LOAD
Jun 15 09:37:30 ip-172-31-9-188 audit: BPF prog-id=13 op=UNLOAD
Jun 15 09:37:30 ip-172-31-9-188 audit: BPF prog-id=14 op=LOAD
Jun 15 09:37:30 ip-172-31-9-188 audit: BPF prog-id=15 op=LOAD
Jun 15 09:37:30 ip-172-31-9-188 audit: BPF prog-id=14 op=UNLOAD
Jun 15 09:37:30 ip-172-31-9-188 audit: BPF prog-id=15 op=UNLOAD
Jun 15 09:37:30 ip-172-31-9-188 audit: BPF prog-id=16 op=LOAD
Jun 15 09:37:30 ip-172-31-9-188 audit: BPF prog-id=16 op=UNLOAD
Jun 15 09:37:30 ip-172-31-9-188 audit: BPF prog-id=17 op=LOAD
Jun 15 09:37:30 ip-172-31-9-188 audit: BPF prog-id=17 op=UNLOAD
Jun 15 09:37:30 ip-172-31-9-188 audit: BPF prog-id=18 op=LOAD
Jun 15 09:37:30 ip-172-31-9-188 audit: BPF prog-id=18 op=UNLOAD
Jun 15 09:37:30 ip-172-31-9-188 audit: BPF prog-id=19 op=LOAD
Jun 15 09:37:30 ip-172-31-9-188 audit: BPF prog-id=19 op=UNLOAD
Jun 15 09:37:30 ip-172-31-9-188 audit: BPF prog-id=20 op=LOAD
Jun 15 09:37:30 ip-172-31-9-188 audit: BPF prog-id=21 op=LOAD
Jun 15 09:37:30 ip-172-31-9-188 audit: BPF prog-id=21 op=UNLOAD
Jun 15 09:37:30 ip-172-31-9-188 audit: BPF prog-id=22 op=LOAD
Jun 15 09:37:30 ip-172-31-9-188 audit: BPF prog-id=20 op=UNLOAD
Jun 15 09:37:30 ip-172-31-9-188 audit: BPF prog-id=22 op=UNLOAD
Jun 15 09:37:30 ip-172-31-9-188 audit: BPF prog-id=23 op=LOAD
Jun 15 09:37:30 ip-172-31-9-188 audit: BPF prog-id=23 op=UNLOAD
Jun 15 09:37:30 ip-172-31-9-188 audit: BPF prog-id=24 op=LOAD
Jun 15 09:37:30 ip-172-31-9-188 audit: BPF prog-id=24 op=UNLOAD
Jun 15 09:37:30 ip-172-31-9-188 audit: BPF prog-id=25 op=LOAD
Jun 15 09:37:30 ip-172-31-9-188 audit: BPF prog-id=25 op=UNLOAD
Jun 15 09:37:30 ip-172-31-9-188 audit: BPF prog-id=26 op=LOAD
Jun 15 09:37:30 ip-172-31-9-188 audit: BPF prog-id=26 op=UNLOAD
Jun 15 09:37:30 ip-172-31-9-188 audit: BPF prog-id=27 op=LOAD
Jun 15 09:37:30 ip-172-31-9-188 audit: BPF prog-id=28 op=LOAD
Jun 15 09:37:30 ip-172-31-9-188 audit: BPF prog-id=3 op=UNLOAD
Jun 15 09:37:30 ip-172-31-9-188 audit: BPF prog-id=29 op=LOAD
Jun 15 09:37:30 ip-172-31-9-188 audit: BPF prog-id=30 op=LOAD
Jun 15 09:37:30 ip-172-31-9-188 audit: BPF prog-id=4 op=UNLOAD
Jun 15 09:37:30 ip-172-31-9-188 audit: BPF prog-id=5 op=UNLOAD
Jun 15 09:37:30 ip-172-31-9-188 audit: BPF prog-id=31 op=LOAD
Jun 15 09:37:30 ip-172-31-9-188 audit: BPF prog-id=28 op=UNLOAD
Jun 15 09:37:30 ip-172-31-9-188 audit: BPF prog-id=32 op=LOAD
Jun 15 09:37:30 ip-172-31-9-188 audit: BPF prog-id=33 op=LOAD
Jun 15 09:37:30 ip-172-31-9-188 audit: BPF prog-id=29 op=UNLOAD
Jun 15 09:37:30 ip-172-31-9-188 audit: BPF prog-id=30 op=UNLOAD
Jun 15 09:37:30 ip-172-31-9-188 audit: BPF prog-id=34 op=LOAD
Jun 15 09:37:30 ip-172-31-9-188 audit: BPF prog-id=31 op=UNLOAD
Jun 15 09:37:30 ip-172-31-9-188 audit: BPF prog-id=35 op=LOAD
Jun 15 09:37:30 ip-172-31-9-188 audit: BPF prog-id=36 op=LOAD
Jun 15 09:37:30 ip-172-31-9-188 audit: BPF prog-id=32 op=UNLOAD
Jun 15 09:37:30 ip-172-31-9-188 audit: BPF prog-id=33 op=UNLOAD
Jun 15 09:37:30 ip-172-31-9-188 audit[1]: SERVICE_STOP pid=1 uid=0 auid=4294967295 ses=4294967295 subj=system_u:system_r:init_t:s0 msg='unit=systemd-journald comm="systemd" exe="/usr/lib/systemd/systemd" hostname=? addr=? terminal=? res=success'
Jun 15 09:37:30 ip-172-31-9-188 audit: BPF prog-id=34 op=UNLOAD
Jun 15 09:37:30 ip-172-31-9-188 audit[1]: SERVICE_START pid=1 uid=0 auid=4294967295 ses=4294967295 subj=system_u:system_r:init_t:s0 msg='unit=initrd-switch-root comm="systemd" exe="/usr/lib/systemd/systemd" hostname=? addr=? terminal=? res=success'
Jun 15 09:37:30 ip-172-31-9-188 audit[1]: SERVICE_STOP pid=1 uid=0 auid=4294967295 ses=4294967295 subj=system_u:system_r:init_t:s0 msg='unit=initrd-switch-root comm="systemd" exe="/usr/lib/systemd/systemd" hostname=? addr=? terminal=? res=success'
Jun 15 09:37:30 ip-172-31-9-188 audit[1]: SERVICE_START pid=1 uid=0 auid=4294967295 ses=4294967295 subj=system_u:system_r:init_t:s0 msg='unit=systemd-journald comm="systemd" exe="/usr/lib/systemd/systemd" hostname=? addr=? terminal=? res=success'
Jun 15 09:37:30 ip-172-31-9-188 audit[1]: SERVICE_STOP pid=1 uid=0 auid=4294967295 ses=4294967295 subj=system_u:system_r:init_t:s0 msg='unit=systemd-journald comm="systemd" exe="/usr/lib/systemd/systemd" hostname=? addr=? terminal=? res=success'
Jun 15 09:37:30 ip-172-31-9-188 audit: BPF prog-id=37 op=LOAD
Jun 15 09:37:30 ip-172-31-9-188 audit: BPF prog-id=38 op=LOAD
Jun 15 09:37:30 ip-172-31-9-188 audit: BPF prog-id=39 op=LOAD
Jun 15 09:37:30 ip-172-31-9-188 audit: BPF prog-id=35 op=UNLOAD
Jun 15 09:37:30 ip-172-31-9-188 audit: BPF prog-id=36 op=UNLOAD
Jun 15 09:37:30 ip-172-31-9-188 audit[1]: SERVICE_START pid=1 uid=0 auid=4294967295 ses=4294967295 subj=system_u:system_r:init_t:s0 msg='unit=kmod-static-nodes comm="systemd" exe="/usr/lib/systemd/systemd" hostname=? addr=? terminal=? res=success'
Jun 15 09:37:30 ip-172-31-9-188 audit: CONFIG_CHANGE op=set audit_enabled=1 old=1 auid=4294967295 ses=4294967295 subj=system_u:system_r:syslogd_t:s0 res=1
Jun 15 09:37:30 ip-172-31-9-188 audit[830]: SYSCALL arch=c000003e syscall=46 success=yes exit=60 a0=6 a1=7ffea5458450 a2=4000 a3=7ffea54584dc items=0 ppid=1 pid=830 auid=4294967295 uid=0 gid=0 euid=0 suid=0 fsuid=0 egid=0 sgid=0 fsgid=0 tty=(none) ses=4294967295 comm="systemd-journal" exe="/usr/lib/systemd/systemd-journald" subj=system_u:system_r:syslogd_t:s0 key=(null)
Jun 15 09:37:30 ip-172-31-9-188 audit: PROCTITLE proctitle="/usr/lib/systemd/systemd-journald"
Jun 15 09:37:30 ip-172-31-9-188 systemd[1]: Queued start job for default target graphical.target.
Jun 15 09:37:30 ip-172-31-9-188 systemd[1]: systemd-journald.service: Deactivated successfully.
Jun 15 09:37:30 ip-172-31-9-188 systemd-fsck[841]: /usr/sbin/fsck.xfs: XFS file system.
Jun 15 09:37:30 ip-172-31-9-188 systemd[1]: modprobe@dm_mod.service: Deactivated successfully.
Jun 15 09:37:30 ip-172-31-9-188 audit[1]: SERVICE_START pid=1 uid=0 auid=4294967295 ses=4294967295 subj=system_u:system_r:init_t:s0 msg='unit=modprobe@configfs comm="systemd" exe="/usr/lib/systemd/systemd" hostname=? addr=? terminal=? res=success'
Jun 15 09:37:30 ip-172-31-9-188 audit[1]: SERVICE_STOP pid=1 uid=0 auid=4294967295 ses=4294967295 subj=system_u:system_r:init_t:s0 msg='unit=modprobe@configfs comm="systemd" exe="/usr/lib/systemd/systemd" hostname=? addr=? terminal=? res=success'
Jun 15 09:37:30 ip-172-31-9-188 audit[1]: SERVICE_START pid=1 uid=0 auid=4294967295 ses=4294967295 subj=system_u:system_r:init_t:s0 msg='unit=systemd-journald comm="systemd" exe="/usr/lib/systemd/systemd" hostname=? addr=? terminal=? res=success'
Jun 15 09:37:30 ip-172-31-9-188 systemd[1]: Finished modprobe@configfs.service - Load Kernel Module configfs.
Jun 15 09:37:30 ip-172-31-9-188 systemd[1]: Started systemd-journald.service - Journal Service.
Jun 15 09:37:30 ip-172-31-9-188 kernel: loop: module loaded
Jun 15 09:37:30 ip-172-31-9-188 systemd[1]: Finished modprobe@dm_mod.service - Load Kernel Module dm_mod.
Jun 15 09:37:30 ip-172-31-9-188 systemd[1]: modprobe@drm.service: Deactivated successfully.
Jun 15 09:37:30 ip-172-31-9-188 audit[1]: SERVICE_START pid=1 uid=0 auid=4294967295 ses=4294967295 subj=system_u:system_r:init_t:s0 msg='unit=modprobe@dm_mod comm="systemd" exe="/usr/lib/systemd/systemd" hostname=? addr=? terminal=? res=success'
Jun 15 09:37:30 ip-172-31-9-188 audit[1]: SERVICE_STOP pid=1 uid=0 auid=4294967295 ses=4294967295 subj=system_u:system_r:init_t:s0 msg='unit=modprobe@dm_mod comm="systemd" exe="/usr/lib/systemd/systemd" hostname=? addr=? terminal=? res=success'
Jun 15 09:37:30 ip-172-31-9-188 systemd[1]: Finished modprobe@drm.service - Load Kernel Module drm.
Jun 15 09:37:30 ip-172-31-9-188 systemd[1]: modprobe@efi_pstore.service: Deactivated successfully.
Jun 15 09:37:30 ip-172-31-9-188 audit[1]: SERVICE_START pid=1 uid=0 auid=4294967295 ses=4294967295 subj=system_u:system_r:init_t:s0 msg='unit=modprobe@drm comm="systemd" exe="/usr/lib/systemd/systemd" hostname=? addr=? terminal=? res=success'
Jun 15 09:37:30 ip-172-31-9-188 audit[1]: SERVICE_STOP pid=1 uid=0 auid=4294967295 ses=4294967295 subj=system_u:system_r:init_t:s0 msg='unit=modprobe@drm comm="systemd" exe="/usr/lib/systemd/systemd" hostname=? addr=? terminal=? res=success'
Jun 15 09:37:30 ip-172-31-9-188 systemd[1]: Finished modprobe@efi_pstore.service - Load Kernel Module efi_pstore.
Jun 15 09:37:30 ip-172-31-9-188 audit[1]: SERVICE_START pid=1 uid=0 auid=4294967295 ses=4294967295 subj=system_u:system_r:init_t:s0 msg='unit=modprobe@efi_pstore comm="systemd" exe="/usr/lib/systemd/systemd" hostname=? addr=? terminal=? res=success'
Jun 15 09:37:30 ip-172-31-9-188 audit[1]: SERVICE_STOP pid=1 uid=0 auid=4294967295 ses=4294967295 subj=system_u:system_r:init_t:s0 msg='unit=modprobe@efi_pstore comm="systemd" exe="/usr/lib/systemd/systemd" hostname=? addr=? terminal=? res=success'
Jun 15 09:37:30 ip-172-31-9-188 systemd[1]: modprobe@fuse.service: Deactivated successfully.
Jun 15 09:37:31 ip-172-31-9-188 systemd[1]: Finished modprobe@fuse.service - Load Kernel Module fuse.
Jun 15 09:37:31 ip-172-31-9-188 audit[1]: SERVICE_START pid=1 uid=0 auid=4294967295 ses=4294967295 subj=system_u:system_r:init_t:s0 msg='unit=modprobe@fuse comm="systemd" exe="/usr/lib/systemd/systemd" hostname=? addr=? terminal=? res=success'
Jun 15 09:37:31 ip-172-31-9-188 audit[1]: SERVICE_STOP pid=1 uid=0 auid=4294967295 ses=4294967295 subj=system_u:system_r:init_t:s0 msg='unit=modprobe@fuse comm="systemd" exe="/usr/lib/systemd/systemd" hostname=? addr=? terminal=? res=success'
Jun 15 09:37:31 ip-172-31-9-188 systemd[1]: modprobe@loop.service: Deactivated successfully.
Jun 15 09:37:31 ip-172-31-9-188 systemd[1]: Finished modprobe@loop.service - Load Kernel Module loop.
Jun 15 09:37:31 ip-172-31-9-188 audit[1]: SERVICE_START pid=1 uid=0 auid=4294967295 ses=4294967295 subj=system_u:system_r:init_t:s0 msg='unit=modprobe@loop comm="systemd" exe="/usr/lib/systemd/systemd" hostname=? addr=? terminal=? res=success'
Jun 15 09:37:31 ip-172-31-9-188 audit[1]: SERVICE_STOP pid=1 uid=0 auid=4294967295 ses=4294967295 subj=system_u:system_r:init_t:s0 msg='unit=modprobe@loop comm="systemd" exe="/usr/lib/systemd/systemd" hostname=? addr=? terminal=? res=success'
Jun 15 09:37:31 ip-172-31-9-188 systemd[1]: nfs-convert.service: Deactivated successfully.
Jun 15 09:37:31 ip-172-31-9-188 systemd[1]: Finished nfs-convert.service - Preprocess NFS configuration convertion.
Jun 15 09:37:31 ip-172-31-9-188 audit[1]: SERVICE_START pid=1 uid=0 auid=4294967295 ses=4294967295 subj=system_u:system_r:init_t:s0 msg='unit=nfs-convert comm="systemd" exe="/usr/lib/systemd/systemd" hostname=? addr=? terminal=? res=success'
Jun 15 09:37:31 ip-172-31-9-188 audit[1]: SERVICE_STOP pid=1 uid=0 auid=4294967295 ses=4294967295 subj=system_u:system_r:init_t:s0 msg='unit=nfs-convert comm="systemd" exe="/usr/lib/systemd/systemd" hostname=? addr=? terminal=? res=success'
Jun 15 09:37:31 ip-172-31-9-188 systemd[1]: Finished systemd-fsck-root.service - File System Check on Root Device.
Jun 15 09:37:31 ip-172-31-9-188 audit[1]: SERVICE_START pid=1 uid=0 auid=4294967295 ses=4294967295 subj=system_u:system_r:init_t:s0 msg='unit=systemd-fsck-root comm="systemd" exe="/usr/lib/systemd/systemd" hostname=? addr=? terminal=? res=success'
Jun 15 09:37:31 ip-172-31-9-188 systemd[1]: Finished systemd-network-generator.service - Generate network units from Kernel command line.
Jun 15 09:37:31 ip-172-31-9-188 audit[1]: SERVICE_START pid=1 uid=0 auid=4294967295 ses=4294967295 subj=system_u:system_r:init_t:s0 msg='unit=systemd-network-generator comm="systemd" exe="/usr/lib/systemd/systemd" hostname=? addr=? terminal=? res=success'
Jun 15 09:37:31 ip-172-31-9-188 systemd[1]: Finished systemd-sysctl.service - Apply Kernel Variables.
Jun 15 09:37:31 ip-172-31-9-188 audit[1]: SERVICE_START pid=1 uid=0 auid=4294967295 ses=4294967295 subj=system_u:system_r:init_t:s0 msg='unit=systemd-sysctl comm="systemd" exe="/usr/lib/systemd/systemd" hostname=? addr=? terminal=? res=success'
Jun 15 09:37:31 ip-172-31-9-188 systemd[1]: Finished systemd-udev-trigger.service - Coldplug All udev Devices.
Jun 15 09:37:31 ip-172-31-9-188 audit[1]: SERVICE_START pid=1 uid=0 auid=4294967295 ses=4294967295 subj=system_u:system_r:init_t:s0 msg='unit=systemd-udev-trigger comm="systemd" exe="/usr/lib/systemd/systemd" hostname=? addr=? terminal=? res=success'
Jun 15 09:37:31 ip-172-31-9-188 systemd[1]: Mounting sys-fs-fuse-connections.mount - FUSE Control File System...
Jun 15 09:37:31 ip-172-31-9-188 systemd[1]: Mounting sys-kernel-config.mount - Kernel Configuration File System...
Jun 15 09:37:31 ip-172-31-9-188 systemd[1]: Starting systemd-remount-fs.service - Remount Root and Kernel File Systems...
Jun 15 09:37:31 ip-172-31-9-188 systemd[1]: systemd-repart.service - Repartition Root Disk was skipped because no trigger condition checks were met.
Jun 15 09:37:31 ip-172-31-9-188 systemd[1]: Mounted sys-fs-fuse-connections.mount - FUSE Control File System.
Jun 15 09:37:31 ip-172-31-9-188 systemd[1]: Mounted sys-kernel-config.mount - Kernel Configuration File System.
Jun 15 09:37:31 ip-172-31-9-188 systemd[1]: Finished systemd-remount-fs.service - Remount Root and Kernel File Systems.
Jun 15 09:37:31 ip-172-31-9-188 audit[1]: SERVICE_START pid=1 uid=0 auid=4294967295 ses=4294967295 subj=system_u:system_r:init_t:s0 msg='unit=systemd-remount-fs comm="systemd" exe="/usr/lib/systemd/systemd" hostname=? addr=? terminal=? res=success'
Jun 15 09:37:31 ip-172-31-9-188 systemd[1]: systemd-firstboot.service - First Boot Wizard was skipped because of an unmet condition check (ConditionFirstBoot=yes).
Jun 15 09:37:31 ip-172-31-9-188 systemd[1]: systemd-hwdb-update.service - Rebuild Hardware Database was skipped because of an unmet condition check (ConditionNeedsUpdate=/etc).
Jun 15 09:37:31 ip-172-31-9-188 systemd[1]: Starting systemd-journal-flush.service - Flush Journal to Persistent Storage...
Jun 15 09:37:31 ip-172-31-9-188 systemd[1]: systemd-pstore.service - Platform Persistent Storage Archival was skipped because of an unmet condition check (ConditionDirectoryNotEmpty=/sys/fs/pstore).
Jun 15 09:37:31 ip-172-31-9-188 systemd[1]: Starting systemd-random-seed.service - Load/Save Random Seed...
Jun 15 09:37:31 ip-172-31-9-188 systemd[1]: systemd-sysusers.service - Create System Users was skipped because no trigger condition checks were met.
Jun 15 09:37:31 ip-172-31-9-188 systemd[1]: Starting systemd-tmpfiles-setup-dev.service - Create Static Device Nodes in /dev...
Jun 15 09:37:31 ip-172-31-9-188 systemd-journald[830]: Runtime Journal (/run/log/journal/ec269af9590bc5d7c9558a31d03b8b43) is 2.2M, max 18.0M, 15.8M free.
Jun 15 09:37:31 ip-172-31-9-188 systemd-journald[830]: Received client request to flush runtime journal.
Jun 15 09:37:31 ip-172-31-9-188 systemd[1]: Finished systemd-journal-flush.service - Flush Journal to Persistent Storage.
Jun 15 09:37:31 ip-172-31-9-188 audit[1]: SERVICE_START pid=1 uid=0 auid=4294967295 ses=4294967295 subj=system_u:system_r:init_t:s0 msg='unit=systemd-journal-flush comm="systemd" exe="/usr/lib/systemd/systemd" hostname=? addr=? terminal=? res=success'
Jun 15 09:37:31 ip-172-31-9-188 systemd[1]: Finished systemd-random-seed.service - Load/Save Random Seed.
Jun 15 09:37:31 ip-172-31-9-188 audit[1]: SERVICE_START pid=1 uid=0 auid=4294967295 ses=4294967295 subj=system_u:system_r:init_t:s0 msg='unit=systemd-random-seed comm="systemd" exe="/usr/lib/systemd/systemd" hostname=? addr=? terminal=? res=success'
Jun 15 09:37:31 ip-172-31-9-188 systemd[1]: Finished systemd-tmpfiles-setup-dev.service - Create Static Device Nodes in /dev.
Jun 15 09:37:31 ip-172-31-9-188 audit[1]: SERVICE_START pid=1 uid=0 auid=4294967295 ses=4294967295 subj=system_u:system_r:init_t:s0 msg='unit=systemd-tmpfiles-setup-dev comm="systemd" exe="/usr/lib/systemd/systemd" hostname=? addr=? terminal=? res=success'
Jun 15 09:37:31 ip-172-31-9-188 systemd[1]: first-boot-complete.target - First Boot Complete was skipped because of an unmet condition check (ConditionFirstBoot=yes).
Jun 15 09:37:31 ip-172-31-9-188 systemd[1]: Reached target local-fs-pre.target - Preparation for Local File Systems.
Jun 15 09:37:31 ip-172-31-9-188 systemd[1]: Set up automount boot-efi.automount.
Jun 15 09:37:31 ip-172-31-9-188 systemd[1]: Reached target local-fs.target - Local File Systems.
Jun 15 09:37:31 ip-172-31-9-188 systemd[1]: import-state.service - Import network configuration from initramfs was skipped because of an unmet condition check (ConditionDirectoryNotEmpty=/run/initramfs/state).
Jun 15 09:37:31 ip-172-31-9-188 systemd[1]: ldconfig.service - Rebuild Dynamic Linker Cache was skipped because no trigger condition checks were met.
Jun 15 09:37:31 ip-172-31-9-188 systemd[1]: selinux-autorelabel-mark.service - Mark the need to relabel after reboot was skipped because of an unmet condition check (ConditionSecurity=!selinux).
Jun 15 09:37:31 ip-172-31-9-188 systemd[1]: systemd-binfmt.service - Set Up Additional Binary Formats was skipped because no trigger condition checks were met.
Jun 15 09:37:31 ip-172-31-9-188 systemd[1]: systemd-boot-system-token.service - Store a System Token in an EFI Variable was skipped because of an unmet condition check (ConditionPathExists=/sys/firmware/efi/efivars/LoaderFeatures-4a67b082-0a4c-41cf-b6c7-440b29bb8c4f).
Jun 15 09:37:31 ip-172-31-9-188 systemd[1]: Starting systemd-boot-update.service - Automatic Boot Loader Update...
Jun 15 09:37:31 ip-172-31-9-188 systemd[1]: systemd-machine-id-commit.service - Commit a transient machine-id on disk was skipped because of an unmet condition check (ConditionPathIsMountPoint=/etc/machine-id).
Jun 15 09:37:31 ip-172-31-9-188 systemd[1]: Starting systemd-tmpfiles-setup.service - Create Volatile Files and Directories...
Jun 15 09:37:31 ip-172-31-9-188 audit: BPF prog-id=40 op=LOAD
Jun 15 09:37:31 ip-172-31-9-188 audit: BPF prog-id=41 op=LOAD
Jun 15 09:37:31 ip-172-31-9-188 audit: BPF prog-id=6 op=UNLOAD
Jun 15 09:37:31 ip-172-31-9-188 audit: BPF prog-id=7 op=UNLOAD
Jun 15 09:37:31 ip-172-31-9-188 systemd[1]: Starting systemd-udevd.service - Rule-based Manager for Device Events and Files...
Jun 15 09:37:31 ip-172-31-9-188 systemd[1]: boot-efi.automount: Got automount request for /boot/efi, triggered by 1233 (bootctl)
Jun 15 09:37:31 ip-172-31-9-188 systemd[1]: Created slice system-systemd\x2dfsck.slice - Slice /system/systemd-fsck.
Jun 15 09:37:31 ip-172-31-9-188 systemd[1]: Expecting device dev-disk-by\x2duuid-0163\x2d2441.device - /dev/disk/by-uuid/0163-2441...
Jun 15 09:37:31 ip-172-31-9-188 systemd-udevd[1235]: Using default interface naming scheme 'v252'.
Jun 15 09:37:31 ip-172-31-9-188 audit[1]: SERVICE_START pid=1 uid=0 auid=4294967295 ses=4294967295 subj=system_u:system_r:init_t:s0 msg='unit=systemd-tmpfiles-setup comm="systemd" exe="/usr/lib/systemd/systemd" hostname=? addr=? terminal=? res=success'
Jun 15 09:37:31 ip-172-31-9-188 audit[1]: SERVICE_START pid=1 uid=0 auid=4294967295 ses=4294967295 subj=system_u:system_r:init_t:s0 msg='unit=systemd-udevd comm="systemd" exe="/usr/lib/systemd/systemd" hostname=? addr=? terminal=? res=success'
Jun 15 09:37:31 ip-172-31-9-188 systemd[1]: Finished systemd-tmpfiles-setup.service - Create Volatile Files and Directories.
Jun 15 09:37:31 ip-172-31-9-188 systemd[1]: Started systemd-udevd.service - Rule-based Manager for Device Events and Files.
Jun 15 09:37:31 ip-172-31-9-188 systemd[1]: Starting auditd.service - Security Auditing Service...
Jun 15 09:37:31 ip-172-31-9-188 audit: BPF prog-id=42 op=LOAD
Jun 15 09:37:31 ip-172-31-9-188 systemd[1]: systemd-journal-catalog-update.service - Rebuild Journal Catalog was skipped because of an unmet condition check (ConditionNeedsUpdate=/var).
Jun 15 09:37:31 ip-172-31-9-188 systemd[1]: Starting systemd-resolved.service - Network Name Resolution...
Jun 15 09:37:31 ip-172-31-9-188 systemd[1]: Condition check resulted in dev-ttyS0.device - /dev/ttyS0 being skipped.
Jun 15 09:37:31 ip-172-31-9-188 kernel: input: Power Button as /devices/LNXSYSTM:00/LNXPWRBN:00/input/input0
Jun 15 09:37:31 ip-172-31-9-188 kernel: ena 0000:00:05.0: Elastic Network Adapter (ENA) v2.13.2g
Jun 15 09:37:31 ip-172-31-9-188 kernel: ena 0000:00:05.0: ENA device version: 0.10
Jun 15 09:37:31 ip-172-31-9-188 kernel: ena 0000:00:05.0: ENA controller version: 0.0.1 implementation version 1
Jun 15 09:37:31 ip-172-31-9-188 kernel: i8042: PNP: PS/2 Controller [PNP0303:KBD,PNP0f13:MOU] at 0x60,0x64 irq 1,12
Jun 15 09:37:31 ip-172-31-9-188 kernel: i8042: Warning: Keylock active
Jun 15 09:37:31 ip-172-31-9-188 kernel: serio: i8042 KBD port at 0x60,0x64 irq 1
Jun 15 09:37:31 ip-172-31-9-188 kernel: serio: i8042 AUX port at 0x60,0x64 irq 12
Jun 15 09:37:31 ip-172-31-9-188 kernel: ACPI: button: Power Button [PWRF]
Jun 15 09:37:31 ip-172-31-9-188 kernel: input: Sleep Button as /devices/LNXSYSTM:00/LNXSLPBN:00/input/input1
Jun 15 09:37:31 ip-172-31-9-188 kernel: ACPI: button: Sleep Button [SLPF]
Jun 15 09:37:31 ip-172-31-9-188 kernel: ena 0000:00:05.0: LLQ is not supported Fallback to host mode policy.
Jun 15 09:37:31 ip-172-31-9-188 kernel: ena 0000:00:05.0: Elastic Network Adapter (ENA) found at mem 80400000, mac addr 02:8e:63:45:0f:9b
Jun 15 09:37:31 ip-172-31-9-188 audit[1264]: AVC avc:  denied  { setattr } for  pid=1264 comm="auditd" name="audit" dev="nvme0n1p1" ino=8519820 scontext=system_u:system_r:auditd_t:s0 tcontext=system_u:object_r:var_log_t:s0 tclass=dir permissive=1
Jun 15 09:37:31 ip-172-31-9-188 audit[1264]: SYSCALL arch=c000003e syscall=90 success=yes exit=0 a0=55dc144a2990 a1=1c0 a2=55dc144a299e a3=1a4 items=0 ppid=1255 pid=1264 auid=4294967295 uid=0 gid=0 euid=0 suid=0 fsuid=0 egid=0 sgid=0 fsgid=0 tty=(none) ses=4294967295 comm="auditd" exe="/usr/sbin/auditd" subj=system_u:system_r:auditd_t:s0 key=(null)
Jun 15 09:37:31 ip-172-31-9-188 audit: PROCTITLE proctitle="/sbin/auditd"
Jun 15 09:37:31 ip-172-31-9-188 audit[1264]: AVC avc:  denied  { create } for  pid=1264 comm="auditd" name="audit.log" scontext=system_u:system_r:auditd_t:s0 tcontext=system_u:object_r:var_log_t:s0 tclass=file permissive=1
Jun 15 09:37:31 ip-172-31-9-188 audit[1264]: AVC avc:  denied  { read open } for  pid=1264 comm="auditd" path="/var/log/audit/audit.log" dev="nvme0n1p1" ino=8540042 scontext=system_u:system_r:auditd_t:s0 tcontext=system_u:object_r:var_log_t:s0 tclass=file permissive=1
Jun 15 09:37:31 ip-172-31-9-188 audit[1264]: SYSCALL arch=c000003e syscall=257 success=yes exit=5 a0=ffffff9c a1=55dc144a2900 a2=4c0 a3=1a0 items=4 ppid=1255 pid=1264 auid=4294967295 uid=0 gid=0 euid=0 suid=0 fsuid=0 egid=0 sgid=0 fsgid=0 tty=(none) ses=4294967295 comm="auditd" exe="/usr/sbin/auditd" subj=system_u:system_r:auditd_t:s0 key=(null)
Jun 15 09:37:31 ip-172-31-9-188 audit: CWD cwd="/"
Jun 15 09:37:31 ip-172-31-9-188 audit: PATH item=0 name=(null) inode=8519820 dev=103:01 mode=040700 ouid=0 ogid=0 rdev=00:00 obj=system_u:object_r:var_log_t:s0 nametype=PARENT cap_fp=0 cap_fi=0 cap_fe=0 cap_fver=0 cap_frootid=0
Jun 15 09:37:31 ip-172-31-9-188 audit: PATH item=1 name=(null) nametype=CREATE cap_fp=0 cap_fi=0 cap_fe=0 cap_fver=0 cap_frootid=0
Jun 15 09:37:31 ip-172-31-9-188 audit: PATH item=2 name=(null) inode=8519820 dev=103:01 mode=040700 ouid=0 ogid=0 rdev=00:00 obj=system_u:object_r:var_log_t:s0 nametype=PARENT cap_fp=0 cap_fi=0 cap_fe=0 cap_fver=0 cap_frootid=0
Jun 15 09:37:31 ip-172-31-9-188 audit: PATH item=3 name=(null) inode=8540042 dev=103:01 mode=0100640 ouid=0 ogid=0 rdev=00:00 obj=system_u:object_r:var_log_t:s0 nametype=CREATE cap_fp=0 cap_fi=0 cap_fe=0 cap_fver=0 cap_frootid=0
Jun 15 09:37:31 ip-172-31-9-188 audit: PROCTITLE proctitle="/sbin/auditd"
Jun 15 09:37:31 ip-172-31-9-188 audit[1264]: AVC avc:  denied  { setattr } for  pid=1264 comm="auditd" name="audit.log" dev="nvme0n1p1" ino=8540042 scontext=system_u:system_r:auditd_t:s0 tcontext=system_u:object_r:var_log_t:s0 tclass=file permissive=1
Jun 15 09:37:31 ip-172-31-9-188 audit[1264]: SYSCALL arch=c000003e syscall=91 success=yes exit=0 a0=5 a1=180 a2=0 a3=0 items=0 ppid=1255 pid=1264 auid=4294967295 uid=0 gid=0 euid=0 suid=0 fsuid=0 egid=0 sgid=0 fsgid=0 tty=(none) ses=4294967295 comm="auditd" exe="/usr/sbin/auditd" subj=system_u:system_r:auditd_t:s0 key=(null)
Jun 15 09:37:31 ip-172-31-9-188 audit: PROCTITLE proctitle="/sbin/auditd"
Jun 15 09:37:31 ip-172-31-9-188 audit: CONFIG_CHANGE op=set audit_enabled=1 old=1 auid=4294967295 ses=4294967295 subj=system_u:system_r:auditd_t:s0 res=1
Jun 15 09:37:31 ip-172-31-9-188 audit[1264]: SYSCALL arch=c000003e syscall=44 success=yes exit=60 a0=3 a1=7ffec50b6580 a2=3c a3=0 items=0 ppid=1255 pid=1264 auid=4294967295 uid=0 gid=0 euid=0 suid=0 fsuid=0 egid=0 sgid=0 fsgid=0 tty=(none) ses=4294967295 comm="auditd" exe="/usr/sbin/auditd" subj=system_u:system_r:auditd_t:s0 key=(null)
Jun 15 09:37:31 ip-172-31-9-188 audit: PROCTITLE proctitle="/sbin/auditd"
Jun 15 09:37:31 ip-172-31-9-188 audit: CONFIG_CHANGE op=set audit_pid=1264 old=0 auid=4294967295 ses=4294967295 subj=system_u:system_r:auditd_t:s0 res=1
Jun 15 09:37:31 ip-172-31-9-188 audit[1264]: SYSCALL arch=c000003e syscall=44 success=yes exit=60 a0=3 a1=7ffec50b4230 a2=3c a3=0 items=0 ppid=1255 pid=1264 auid=4294967295 uid=0 gid=0 euid=0 suid=0 fsuid=0 egid=0 sgid=0 fsgid=0 tty=(none) ses=4294967295 comm="auditd" exe="/usr/sbin/auditd" subj=system_u:system_r:auditd_t:s0 key=(null)
Jun 15 09:37:31 ip-172-31-9-188 audit: PROCTITLE proctitle="/sbin/auditd"
Jun 15 09:37:31 ip-172-31-9-188 audit[1]: SERVICE_START pid=1 uid=0 auid=4294967295 ses=4294967295 subj=system_u:system_r:init_t:s0 msg='unit=systemd-resolved comm="systemd" exe="/usr/lib/systemd/systemd" hostname=? addr=? terminal=? res=success'
Jun 15 09:37:31 ip-172-31-9-188 auditd[1264]: No plugins found, not dispatching events
Jun 15 09:37:31 ip-172-31-9-188 systemd-resolved[1257]: Positive Trust Anchors:
Jun 15 09:37:31 ip-172-31-9-188 auditd[1264]: Init complete, auditd 3.0.6 listening for events (startup state enable)
Jun 15 09:37:31 ip-172-31-9-188 systemd-resolved[1257]: . IN DS 20326 8 2 e06d44b80b8f1d39a95c0b0d7c65d08458e880409bbc683457104237c7f8ec8d
Jun 15 09:37:31 ip-172-31-9-188 systemd-resolved[1257]: Negative trust anchors: home.arpa 10.in-addr.arpa 16.172.in-addr.arpa 17.172.in-addr.arpa 18.172.in-addr.arpa 19.172.in-addr.arpa 20.172.in-addr.arpa 21.172.in-addr.arpa 22.172.in-addr.arpa 23.172.in-addr.arpa 24.172.in-addr.arpa 25.172.in-addr.arpa 26.172.in-addr.arpa 27.172.in-addr.arpa 28.172.in-addr.arpa 29.172.in-addr.arpa 30.172.in-addr.arpa 31.172.in-addr.arpa 168.192.in-addr.arpa d.f.ip6.arpa corp home internal intranet lan local private test
Jun 15 09:37:31 ip-172-31-9-188 systemd[1]: Mounting var-lib-nfs-rpc_pipefs.mount - RPC Pipe File System...
Jun 15 09:37:31 ip-172-31-9-188 systemd-resolved[1257]: Using system hostname 'ip-172-31-9-188.ap-northeast-2.compute.internal'.
Jun 15 09:37:31 ip-172-31-9-188 systemd[1]: Started systemd-resolved.service - Network Name Resolution.
Jun 15 09:37:31 ip-172-31-9-188 systemd[1]: Reached target nss-lookup.target - Host and Network Name Lookups.
Jun 15 09:37:31 ip-172-31-9-188 augenrules[1273]: /sbin/augenrules: No change
Jun 15 09:37:31 ip-172-31-9-188 audit: CONFIG_CHANGE auid=4294967295 ses=4294967295 subj=system_u:system_r:unconfined_service_t:s0 op=add_rule key=(null) list=1 res=1
Jun 15 09:37:31 ip-172-31-9-188 audit[1324]: SYSCALL arch=c000003e syscall=44 success=yes exit=1056 a0=3 a1=7ffe5f9b3550 a2=420 a3=0 items=0 ppid=1273 pid=1324 auid=4294967295 uid=0 gid=0 euid=0 suid=0 fsuid=0 egid=0 sgid=0 fsgid=0 tty=(none) ses=4294967295 comm="auditctl" exe="/usr/sbin/auditctl" subj=system_u:system_r:unconfined_service_t:s0 key=(null)
Jun 15 09:37:31 ip-172-31-9-188 audit: PROCTITLE proctitle=2F7362696E2F617564697463746C002D52002F6574632F61756469742F61756469742E72756C6573
Jun 15 09:37:31 ip-172-31-9-188 augenrules[1324]: No rules
Jun 15 09:37:31 ip-172-31-9-188 systemd[1]: Started auditd.service - Security Auditing Service.
Jun 15 09:37:31 ip-172-31-9-188 audit[1]: SERVICE_START pid=1 uid=0 auid=4294967295 ses=4294967295 subj=system_u:system_r:init_t:s0 msg='unit=auditd comm="systemd" exe="/usr/lib/systemd/systemd" hostname=? addr=? terminal=? res=success'
Jun 15 09:37:31 ip-172-31-9-188 kernel: RPC: Registered named UNIX socket transport module.
Jun 15 09:37:31 ip-172-31-9-188 kernel: RPC: Registered udp transport module.
Jun 15 09:37:31 ip-172-31-9-188 kernel: RPC: Registered tcp transport module.
Jun 15 09:37:31 ip-172-31-9-188 kernel: RPC: Registered tcp NFSv4.1 backchannel transport module.
Jun 15 09:37:32 ip-172-31-9-188 systemd[1]: Starting systemd-update-utmp.service - Record System Boot/Shutdown in UTMP...
Jun 15 09:37:32 ip-172-31-9-188 systemd[1]: Mounted var-lib-nfs-rpc_pipefs.mount - RPC Pipe File System.
Jun 15 09:37:32 ip-172-31-9-188 systemd[1]: Reached target rpc_pipefs.target.
Jun 15 09:37:32 ip-172-31-9-188 audit[1333]: SYSTEM_BOOT pid=1333 uid=0 auid=4294967295 ses=4294967295 subj=system_u:system_r:init_t:s0 msg=' comm="systemd-update-utmp" exe="/usr/lib/systemd/systemd-update-utmp" hostname=? addr=? terminal=? res=success'
Jun 15 09:37:32 ip-172-31-9-188 kernel: ena 0000:00:05.0 ens5: renamed from eth0
Jun 15 09:37:32 ip-172-31-9-188 systemd[1]: Finished systemd-update-utmp.service - Record System Boot/Shutdown in UTMP.
Jun 15 09:37:32 ip-172-31-9-188 audit[1]: SERVICE_START pid=1 uid=0 auid=4294967295 ses=4294967295 subj=system_u:system_r:init_t:s0 msg='unit=systemd-update-utmp comm="systemd" exe="/usr/lib/systemd/systemd" hostname=? addr=? terminal=? res=success'
Jun 15 09:37:32 ip-172-31-9-188 systemd[1]: Reloading.
Jun 15 09:37:32 ip-172-31-9-188 zram_generator::config[1362]: zram0: system has too much memory (904MB), limit is 800MB, ignoring.
Jun 15 09:37:32 ip-172-31-9-188 systemd[1]: /usr/lib/systemd/system/acpid.socket:6: ListenStream= references a path below legacy directory /var/run/, updating /var/run/acpid.socket  /run/acpid.socket; please update the unit file accordingly.
Jun 15 09:37:32 ip-172-31-9-188 systemd[1]: Condition check resulted in dev-disk-by\x2duuid-0163\x2d2441.device - Amazon Elastic Block Store EFI\x20System\x20Partition being skipped.
Jun 15 09:37:32 ip-172-31-9-188 audit: BPF prog-id=43 op=LOAD
Jun 15 09:37:32 ip-172-31-9-188 audit: BPF prog-id=37 op=UNLOAD
Jun 15 09:37:32 ip-172-31-9-188 audit: BPF prog-id=44 op=LOAD
Jun 15 09:37:32 ip-172-31-9-188 audit: BPF prog-id=45 op=LOAD
Jun 15 09:37:32 ip-172-31-9-188 audit: BPF prog-id=38 op=UNLOAD
Jun 15 09:37:32 ip-172-31-9-188 audit: BPF prog-id=39 op=UNLOAD
Jun 15 09:37:32 ip-172-31-9-188 audit: BPF prog-id=46 op=LOAD
Jun 15 09:37:32 ip-172-31-9-188 audit: BPF prog-id=42 op=UNLOAD
Jun 15 09:37:32 ip-172-31-9-188 audit: BPF prog-id=47 op=LOAD
